============================= test session starts =============================
platform win32 -- Python 3.13.9, pytest-9.1.1, pluggy-1.6.0
rootdir: D:\1-webapp\forwarder-dev\phase3-p3-12-closure
configfile: pytest.ini
plugins: anyio-4.14.1, flask-1.3.0
collected 902 items

backend\tests\test_admin_panel_read_contract.py .sssssss                 [  0%]
backend\tests\test_adr043_reporting_fail_closed.py .                     [  0%]
backend\tests\test_alembic_version_table.py ........                     [  1%]
backend\tests\test_analytics_foundation.py ...........                   [  3%]
backend\tests\test_architecture_governance.py .                          [  3%]
backend\tests\test_auth.py ..........                                    [  4%]
backend\tests\test_border_customs_seed.py .                              [  4%]
backend\tests\test_cargo_foundation.py .................                 [  6%]
backend\tests\test_cargo_traceability.py ...                             [  6%]
backend\tests\test_case_documents.py .................................   [ 10%]
backend\tests\test_case_documents_migration.py .                         [ 10%]
backend\tests\test_case_documents_schema_parity.py s                     [ 10%]
backend\tests\test_control_tower_read_model.py ......................... [ 13%]
...................................                                      [ 17%]
backend\tests\test_control_tower_scope.py .............................. [ 20%]
.......................                                                  [ 23%]
backend\tests\test_cors.py ..                                            [ 23%]
backend\tests\test_credential_policy_verifier.py .                       [ 23%]
backend\tests\test_crm_customer_link_contract.py ....                    [ 23%]
backend\tests\test_crm_write_contract.py ...                             [ 24%]
backend\tests\test_customer_entitlement_postgresql.py s                  [ 24%]
backend\tests\test_customer_portal_account.py ..............             [ 25%]
backend\tests\test_customer_quote_response.py ....................       [ 28%]
backend\tests\test_customer_tenant_maintenance.py ....                   [ 28%]
backend\tests\test_dashboard_openapi_contract.py ..                      [ 28%]
backend\tests\test_data_integrity_migration_portability.py ..            [ 28%]
backend\tests\test_document_catalog.py ....                              [ 29%]
backend\tests\test_event_location_postgresql.py s                        [ 29%]
backend\tests\test_execution_authority_3a.py ...........                 [ 30%]
backend\tests\test_expert_assignment_referral_contract.py .............. [ 32%]
........                                                                 [ 33%]
backend\tests\test_expert_service_scope.py .....                         [ 33%]
backend\tests\test_external_operational_references.py ......             [ 34%]
backend\tests\test_external_reference_type_cli.py ..                     [ 34%]
backend\tests\test_fe2_races_postgresql.py ssssssssssssss                [ 36%]
backend\tests\test_fixed_shipment_owner_postgresql.py ssss               [ 36%]
backend\tests\test_global_logistics_point_adoption_migration.py .        [ 36%]
backend\tests\test_global_logistics_point_adoptions_postgresql.py s      [ 36%]
backend\tests\test_global_logistics_point_catalog_v1.py ..s              [ 37%]
backend\tests\test_global_logistics_point_materialization_migration.py . [ 37%]
                                                                         [ 37%]
backend\tests\test_global_logistics_points_postgresql.py s               [ 37%]
backend\tests\test_health_provinces_transport.py ......                  [ 38%]
backend\tests\test_international_reference_reconciliation.py .           [ 38%]
backend\tests\test_iran_destination_point.py ................            [ 39%]
backend\tests\test_local_sqlite_config.py ...............                [ 41%]
backend\tests\test_logistics_network.py .......                          [ 42%]
backend\tests\test_master_data.py .....                                  [ 42%]
backend\tests\test_mdpm_races_postgresql.py sssssssssssss                [ 44%]
backend\tests\test_milestone_upgrade_bridge.py .....                     [ 44%]
backend\tests\test_mt1_ownership_postgresql.py ssss                      [ 45%]
backend\tests\test_mt1c1_census_foundation.py ......                     [ 46%]
backend\tests\test_mt1c2_full_surface_postgresql.py ssssss               [ 46%]
backend\tests\test_mt1c_quarantine_runtime.py .....................      [ 49%]
backend\tests\test_mt1d_identity_and_census.py ...........               [ 50%]
backend\tests\test_multi_unit_tracking_postgresql.py s                   [ 50%]
backend\tests\test_multileg_route_orchestration.py ..................... [ 52%]
...........................                                              [ 55%]
backend\tests\test_notification_foundation.py ...                        [ 55%]
backend\tests\test_notification_lifecycle.py ........                    [ 56%]
backend\tests\test_notification_lifecycle_postgresql.py ss               [ 57%]
backend\tests\test_oip_openapi.py .                                      [ 57%]
backend\tests\test_oip_rebuild_recovery_postgresql.py s                  [ 57%]
backend\tests\test_operational_reads_3b.py .........................     [ 60%]
backend\tests\test_operational_vertical_slice.py ....................    [ 62%]
backend\tests\test_operational_workspace.py ......                       [ 62%]
backend\tests\test_operational_workspace_phase2_migration.py ...         [ 63%]
backend\tests\test_organization_hostname_routing.py .........            [ 64%]
backend\tests\test_parallel_expert_console_migrations.py ...             [ 64%]
backend\tests\test_phase0_2_current_head_compatibility_postgresql.py ss  [ 64%]
backend\tests\test_phase1b_full_uat_runner.py ..............             [ 66%]
backend\tests\test_phase1b_uat_seed.py ........                          [ 67%]
backend\tests\test_phase3_branched_route_migration.py ..                 [ 67%]
backend\tests\test_phase3_cargo_allocation.py .......                    [ 68%]
backend\tests\test_phase3_cargo_allocation_postgresql.py s               [ 68%]
backend\tests\test_phase3_cargo_delivery_postgresql.py s                 [ 68%]
backend\tests\test_phase3_cargo_lineage_migration.py ..                  [ 68%]
backend\tests\test_phase3_closure.py ........................            [ 71%]
backend\tests\test_phase3_customer_shipment.py ................          [ 73%]
backend\tests\test_phase3_document_context.py ...                        [ 73%]
backend\tests\test_phase3_reference_catalog.py ....                      [ 73%]
backend\tests\test_phase3_reported_facts.py .....................        [ 76%]
backend\tests\test_phase3_route_time.py ...............                  [ 77%]
backend\tests\test_phase3_transport_execution.py .....                   [ 78%]
backend\tests\test_phase3_transport_execution_postgresql.py s            [ 78%]
backend\tests\test_phase_b3_existing_transport_summary.py ..             [ 78%]
backend\tests\test_phase_b7_private_point_selector_reachability.py ..    [ 79%]
backend\tests\test_project_aggregate_foundation.py .....                 [ 79%]
backend\tests\test_project_configuration_openapi.py .                    [ 79%]
backend\tests\test_public_tracking_security.py ....................      [ 81%]
backend\tests\test_public_tracking_timeline.py ...........               [ 83%]
backend\tests\test_quote_communication_postgresql.py ss                  [ 83%]
backend\tests\test_reference_data_catalog.py .........                   [ 84%]
backend\tests\test_reference_schema_expansion.py .................       [ 86%]
backend\tests\test_referral_auto_assign_state_compatibility.py ..sss     [ 86%]
backend\tests\test_referral_tenant_fencing.py ..........                 [ 87%]
backend\tests\test_release_postgres_orchestrator.py ...                  [ 88%]
backend\tests\test_reporter_permission_postgresql.py s                   [ 88%]
backend\tests\test_request_cargo_migration.py ..                         [ 88%]
backend\tests\test_route_leg_facility_identity.py ........               [ 89%]
backend\tests\test_runtime_dependency_contract.py .                      [ 89%]
backend\tests\test_s4_reporting_oversight.py ...                         [ 89%]
backend\tests\test_saved_view_dashboard_snapshot.py ...                  [ 90%]
backend\tests\test_security_config.py ..............                     [ 91%]
backend\tests\test_semantic_rowset.py ......                             [ 92%]
backend\tests\test_shared_transport_e2e_audit.py ........                [ 93%]
backend\tests\test_shipment_document_authorization.py ......             [ 94%]
backend\tests\test_shipment_list_deduplication_postgresql.py s           [ 94%]
backend\tests\test_shipment_request_contract.py .........                [ 95%]
backend\tests\test_shipment_request_update_trigger_migration.py ..       [ 95%]
backend\tests\test_tenant_architecture_contract.py .........             [ 96%]
backend\tests\test_token_revocation.py ...                               [ 96%]
backend\tests\test_tracking_locations_postgresql.py s                    [ 96%]
backend\tests\test_user_management_contract.py ................          [ 98%]
backend\tests\test_v191_persistence_foundation.py ............           [ 99%]
backend\tests\test_version_consistency.py .                              [100%]

- generated xml file: D:\1-webapp\forwarder-dev\p312-qualification-d1574fa-20260926\backend-full\group-2\junit.xml -
======== 831 passed, 71 skipped, 12214 warnings in 1862.15s (0:31:02) =========
