============================= test session starts =============================
platform win32 -- Python 3.13.9, pytest-9.1.1, pluggy-1.6.0
rootdir: D:\1-webapp\forwarder-dev\phase3-p3-07-reported-location
configfile: pytest.ini
plugins: anyio-4.14.1, flask-1.3.0
collected 1552 items

backend\tests\test_admin_multitenant_adversarial.py ...........          [  0%]
backend\tests\test_admin_panel_read_contract.py .sssssss                 [  1%]
backend\tests\test_adr043_pre_cutover_integrity_contract.py ..           [  1%]
backend\tests\test_adr043_reporting_fail_closed.py .                     [  1%]
backend\tests\test_ai_provider_service.py .......................        [  2%]
backend\tests\test_alembic_version_table.py ........                     [  3%]
backend\tests\test_analytics_authorization_p0.py ....                    [  3%]
backend\tests\test_analytics_foundation.py ...........                   [  4%]
backend\tests\test_api.py ...............                                [  5%]
backend\tests\test_architecture_governance.py .                          [  5%]
backend\tests\test_assigned_work_authorization.py .....                  [  5%]
backend\tests\test_auth.py ..........                                    [  6%]
backend\tests\test_auth_sessions.py .....                                [  6%]
backend\tests\test_border_customs_seed.py .                              [  6%]
backend\tests\test_browser_migration_contract.py ......                  [  7%]
backend\tests\test_cargo_foundation.py .................                 [  8%]
backend\tests\test_cargo_options_authorization.py ..                     [  8%]
backend\tests\test_cargo_traceability.py ...                             [  8%]
backend\tests\test_cargo_transport_allocation.py .....                   [  8%]
backend\tests\test_case_documents.py .................................   [ 11%]
backend\tests\test_case_documents_fault_injection.py ...............     [ 11%]
backend\tests\test_case_documents_migration.py .                         [ 12%]
backend\tests\test_case_documents_postgresql.py sssss                    [ 12%]
backend\tests\test_case_documents_schema_parity.py s                     [ 12%]
backend\tests\test_control_tower_api.py ..................               [ 13%]
backend\tests\test_control_tower_read_model.py ......................... [ 15%]
...................................                                      [ 17%]
backend\tests\test_control_tower_scalability_postgresql.py s             [ 17%]
backend\tests\test_control_tower_scope.py .............................. [ 19%]
.......................                                                  [ 20%]
backend\tests\test_control_tower_sources.py ............................ [ 22%]
..........................                                               [ 24%]
backend\tests\test_cors.py ..                                            [ 24%]
backend\tests\test_country_port_customs_domain.py .....                  [ 24%]
backend\tests\test_credential_policy_verifier.py .                       [ 24%]
backend\tests\test_crm_customer_create_from_request_preview.py ......... [ 25%]
                                                                         [ 25%]
backend\tests\test_crm_customer_link_contract.py ....                    [ 25%]
backend\tests\test_crm_read_contract.py .                                [ 25%]
backend\tests\test_crm_write_contract.py ...                             [ 26%]
backend\tests\test_customer_entitlement.py ..........                    [ 26%]
backend\tests\test_customer_entitlement_postgresql.py s                  [ 26%]
backend\tests\test_customer_gamification_contract.py .........           [ 27%]
backend\tests\test_customer_portal_account.py ..............             [ 28%]
backend\tests\test_customer_portal_account_lifecycle_migration.py ...    [ 28%]
backend\tests\test_customer_quote_response.py ....................       [ 29%]
backend\tests\test_customer_recovery_email_service.py ....               [ 29%]
backend\tests\test_customer_tenant_maintenance.py ....                   [ 30%]
backend\tests\test_dashboard_canonical_manifest.py ..                    [ 30%]
backend\tests\test_dashboard_openapi_contract.py ..                      [ 30%]
backend\tests\test_dashboard_persistence_contract.py ....                [ 30%]
backend\tests\test_data_integrity_migration_portability.py ..            [ 30%]
backend\tests\test_dms_current_head_compatibility_postgresql.py s        [ 30%]
backend\tests\test_document_catalog.py ....                              [ 31%]
backend\tests\test_document_catalog_package.py ...................       [ 32%]
backend\tests\test_event_location_postgresql.py s                        [ 32%]
backend\tests\test_exception_reconciliation_races_postgresql.py ss       [ 32%]
backend\tests\test_execution_authority_3a.py ...........                 [ 33%]
backend\tests\test_execution_units.py .........                          [ 33%]
backend\tests\test_expert_assignment_referral_contract.py .............. [ 34%]
........                                                                 [ 35%]
backend\tests\test_expert_membership_permissions.py ....                 [ 35%]
backend\tests\test_expert_service_scope.py .....                         [ 35%]
backend\tests\test_expert_sla_migration.py .                             [ 35%]
backend\tests\test_external_operational_references.py ......             [ 36%]
backend\tests\test_external_reference_type_certification_harness.py .    [ 36%]
backend\tests\test_external_reference_type_cli.py ..                     [ 36%]
backend\tests\test_external_reference_type_package.py ....               [ 36%]
backend\tests\test_fe2_races_postgresql.py ssssssssssssss                [ 37%]
backend\tests\test_fixed_shipment_owner_migration.py ..                  [ 37%]
backend\tests\test_fixed_shipment_owner_postgresql.py ssss               [ 38%]
backend\tests\test_g0_proposal_service.py ..................             [ 39%]
backend\tests\test_global_logistics_point_adoption_migration.py .        [ 39%]
backend\tests\test_global_logistics_point_adoptions.py ...               [ 39%]
backend\tests\test_global_logistics_point_adoptions_postgresql.py s      [ 39%]
backend\tests\test_global_logistics_point_catalog_importer.py .......... [ 40%]
....                                                                     [ 40%]
backend\tests\test_global_logistics_point_catalog_v1.py ..s              [ 40%]
backend\tests\test_global_logistics_point_materialization.py ........    [ 41%]
backend\tests\test_global_logistics_point_materialization_migration.py . [ 41%]
                                                                         [ 41%]
backend\tests\test_global_logistics_points.py .........                  [ 41%]
backend\tests\test_global_logistics_points_postgresql.py s               [ 41%]
backend\tests\test_governed_international_geography.py .......           [ 42%]
backend\tests\test_health_provinces_transport.py ......                  [ 42%]
backend\tests\test_integrated_certification_bootstrap.py .               [ 42%]
backend\tests\test_international_reference_reconciliation.py .           [ 42%]
backend\tests\test_iran_current_route_read.py .............              [ 43%]
backend\tests\test_iran_destination_point.py ................            [ 44%]
backend\tests\test_legacy_datetime.py .....                              [ 45%]
backend\tests\test_local_sqlite_config.py ...............                [ 46%]
backend\tests\test_location_admin.py ......                              [ 46%]
backend\tests\test_logistics_network.py .......                          [ 46%]
backend\tests\test_manage_create_admin.py ...........                    [ 47%]
backend\tests\test_master_data.py .....                                  [ 47%]
backend\tests\test_master_data_migration.py .                            [ 47%]
backend\tests\test_mdpm_races_postgresql.py sssssssssssss                [ 48%]
backend\tests\test_mdpm_readiness.py .......                             [ 49%]
backend\tests\test_milestone_upgrade_bridge.py .....                     [ 49%]
backend\tests\test_mt1_ownership_contract.py ........                    [ 50%]
backend\tests\test_mt1_ownership_postgresql.py ssss                      [ 50%]
backend\tests\test_mt1_ownership_slice2.py ...                           [ 50%]
backend\tests\test_mt1c1_census_foundation.py ......                     [ 50%]
backend\tests\test_mt1c1_census_postgresql.py s                          [ 50%]
backend\tests\test_mt1c2_full_surface_postgresql.py ssssss               [ 51%]
backend\tests\test_mt1c_quarantine_postgresql.py s                       [ 51%]
backend\tests\test_mt1c_quarantine_runtime.py .....................      [ 52%]
backend\tests\test_mt1d_census_postgresql.py ss                          [ 52%]
backend\tests\test_mt1d_identity_and_census.py ...........               [ 53%]
backend\tests\test_multi_unit_tracking_api.py .........                  [ 54%]
backend\tests\test_multi_unit_tracking_postgresql.py s                   [ 54%]
backend\tests\test_multi_unit_tracking_service.py .......                [ 54%]
backend\tests\test_multileg_route_orchestration.py ..................... [ 56%]
...........................                                              [ 57%]
backend\tests\test_multileg_route_orchestration_postgresql.py s          [ 57%]
backend\tests\test_notification_foundation.py ...                        [ 58%]
backend\tests\test_notification_foundation_migration_postgresql.py s     [ 58%]
backend\tests\test_notification_lifecycle.py ........                    [ 58%]
backend\tests\test_notification_lifecycle_migration_postgresql.py s      [ 58%]
backend\tests\test_notification_lifecycle_postgresql.py ss               [ 58%]
backend\tests\test_oip.py ...............                                [ 59%]
backend\tests\test_oip_openapi.py .                                      [ 59%]
backend\tests\test_oip_races_postgresql.py ssssssssssssss                [ 60%]
backend\tests\test_oip_rebuild_recovery_postgresql.py s                  [ 60%]
backend\tests\test_operational_execution_190.py .........                [ 61%]
backend\tests\test_operational_reads_3b.py .........................     [ 63%]
backend\tests\test_operational_selectors.py .....                        [ 63%]
backend\tests\test_operational_vertical_slice.py ....................    [ 64%]
backend\tests\test_operational_vertical_slice_postgresql.py s            [ 64%]
backend\tests\test_operational_workspace.py ......                       [ 65%]
backend\tests\test_operational_workspace_phase2.py .......               [ 65%]
backend\tests\test_operational_workspace_phase2_migration.py ...         [ 65%]
backend\tests\test_organization_document_policy.py .....                 [ 66%]
backend\tests\test_organization_hostname_routing.py .........            [ 66%]
backend\tests\test_package_secret_policy.py .............                [ 67%]
backend\tests\test_parallel_expert_console_migrations.py ...             [ 67%]
backend\tests\test_personal_analytics_uat.py ..                          [ 67%]
backend\tests\test_phase0_2_current_head_compatibility_postgresql.py ss  [ 67%]
backend\tests\test_phase0_2_postgresql_gate.py sss                       [ 68%]
backend\tests\test_phase1b_full_uat_runner.py ..............             [ 69%]
backend\tests\test_phase1b_safe_downgrade_postgresql.py ss               [ 69%]
backend\tests\test_phase1b_uat_seed.py ........                          [ 69%]
backend\tests\test_phase3_branched_route.py ....                         [ 69%]
backend\tests\test_phase3_branched_route_migration.py ..                 [ 70%]
backend\tests\test_phase3_branched_route_postgresql.py s                 [ 70%]
backend\tests\test_phase3_cargo_allocation.py .......                    [ 70%]
backend\tests\test_phase3_cargo_allocation_migration.py .                [ 70%]
backend\tests\test_phase3_cargo_allocation_postgresql.py s               [ 70%]
backend\tests\test_phase3_cargo_lineage.py ...                           [ 70%]
backend\tests\test_phase3_cargo_lineage_migration.py ..                  [ 71%]
backend\tests\test_phase3_cargo_lineage_postgresql.py s                  [ 71%]
backend\tests\test_phase3_document_context.py ...                        [ 71%]
backend\tests\test_phase3_document_context_postgresql.py s               [ 71%]
backend\tests\test_phase3_reference_catalog.py ....                      [ 71%]
backend\tests\test_phase3_reference_catalog_postgresql.py s              [ 71%]
backend\tests\test_phase3_reported_facts.py .....................        [ 73%]
backend\tests\test_phase3_reported_facts_postgresql.py s                 [ 73%]
backend\tests\test_phase3_transport_execution.py .....                   [ 73%]
backend\tests\test_phase3_transport_execution_migration.py ..            [ 73%]
backend\tests\test_phase3_transport_execution_postgresql.py s            [ 73%]
backend\tests\test_phase_b1_governed_geography.py ...                    [ 73%]
backend\tests\test_phase_b3_existing_transport_summary.py ..             [ 73%]
backend\tests\test_phase_b5_eur_quote_support.py ......                  [ 74%]
backend\tests\test_phase_b7_private_point_selector_reachability.py ..    [ 74%]
backend\tests\test_project_access_foundation.py ....                     [ 74%]
backend\tests\test_project_aggregate_foundation.py .....                 [ 75%]
backend\tests\test_project_configuration.py ........                     [ 75%]
backend\tests\test_project_configuration_openapi.py .                    [ 75%]
backend\tests\test_project_shipment_propagation.py ..                    [ 75%]
backend\tests\test_public_tracking_security.py ....................      [ 76%]
backend\tests\test_public_tracking_security_postgresql.py s              [ 77%]
backend\tests\test_public_tracking_timeline.py ...........               [ 77%]
backend\tests\test_quote_communication_migration.py ..                   [ 77%]
backend\tests\test_quote_communication_postgresql.py ss                  [ 78%]
backend\tests\test_reference_backfill_tooling.py ....................... [ 79%]
.                                                                        [ 79%]
backend\tests\test_reference_data_catalog.py .........                   [ 80%]
backend\tests\test_reference_data_seed_migration.py .                    [ 80%]
backend\tests\test_reference_schema_expansion.py .................       [ 81%]
backend\tests\test_reference_schema_postgresql.py s                      [ 81%]
backend\tests\test_referral_auto_assign_state_compatibility.py ..sss     [ 81%]
backend\tests\test_referral_engine.py .                                  [ 81%]
backend\tests\test_referral_tenant_fencing.py ..........                 [ 82%]
backend\tests\test_release_identity.py ..                                [ 82%]
backend\tests\test_release_postgres_orchestrator.py ...                  [ 82%]
backend\tests\test_release_publication_contract.py ......                [ 83%]
backend\tests\test_reporter_permission_postgresql.py s                   [ 83%]
backend\tests\test_request_cargo.py ...................                  [ 84%]
backend\tests\test_request_cargo_migration.py ..                         [ 84%]
backend\tests\test_request_cargo_postgresql.py s                         [ 84%]
backend\tests\test_route_leg_facility_identity.py ........               [ 85%]
backend\tests\test_runtime_binding.py ..............                     [ 86%]
backend\tests\test_runtime_dependency_contract.py .                      [ 86%]
backend\tests\test_runtime_migration_safety.py ......................    [ 87%]
backend\tests\test_s4_reporting_oversight.py ...                         [ 87%]
backend\tests\test_saved_view_contract.py ......                         [ 88%]
backend\tests\test_saved_view_dashboard_snapshot.py ...                  [ 88%]
backend\tests\test_saved_view_rowset_alignment.py ..                     [ 88%]
backend\tests\test_security_config.py ..............                     [ 89%]
backend\tests\test_security_credential_remediation_migration.py ....     [ 89%]
backend\tests\test_semantic_rowset.py ......                             [ 89%]
backend\tests\test_shared_transport_allocate_helper_contract.py .....    [ 90%]
backend\tests\test_shared_transport_e2e_audit.py ........                [ 90%]
backend\tests\test_shipment_context_service.py ........                  [ 91%]
backend\tests\test_shipment_document_authorization.py ......             [ 91%]
backend\tests\test_shipment_economics.py ........                        [ 92%]
backend\tests\test_shipment_list_deduplication_postgresql.py s           [ 92%]
backend\tests\test_shipment_operational_population.py ..............     [ 93%]
backend\tests\test_shipment_request_contract.py .........                [ 93%]
backend\tests\test_shipment_request_public_identity.py ....              [ 94%]
backend\tests\test_shipment_request_update_trigger_migration.py ..       [ 94%]
backend\tests\test_sla_service.py ......................                 [ 95%]
backend\tests\test_tenant_architecture_contract.py .........             [ 96%]
backend\tests\test_timestamp_contracts_phase1.py .....                   [ 96%]
backend\tests\test_token_revocation.py ...                               [ 96%]
backend\tests\test_tracking_locations.py .......                         [ 97%]
backend\tests\test_tracking_locations_postgresql.py s                    [ 97%]
backend\tests\test_tracking_projection.py .....                          [ 97%]
backend\tests\test_user_management_contract.py ................          [ 98%]
backend\tests\test_v191_location_resolver.py .....                       [ 98%]
backend\tests\test_v191_persistence_foundation.py ............           [ 99%]
backend\tests\test_v191_persistence_postgresql.py s                      [ 99%]
backend\tests\test_version_consistency.py .                              [ 99%]
backend\tests\test_worktree_fingerprint.py ....                          [100%]

======== 1437 passed, 115 skipped, 18810 warnings in 802.98s (0:13:22) ========
