.............                                                            [100%]
============================== warnings summary ===============================
backend\monitoring.py:30
  D:\1-webapp\forwarder-dev\human-walkthrough-runtime-source\backend\monitoring.py:30: DeprecationWarning: datetime.datetime.utcnow() is deprecated and scheduled for removal in a future version. Use timezone-aware objects to represent datetimes in UTC: datetime.datetime.now(datetime.UTC).
    self.start_time = datetime.utcnow()

backend/tests/test_operational_vertical_slice.py: 9 warnings
backend/tests/test_execution_authority_3a.py: 18 warnings
backend/tests/test_phase3_reported_facts.py: 41 warnings
backend/tests/test_organization_shipment_stages.py: 50 warnings
backend/tests/test_phase3_cargo_delivery.py: 43 warnings
backend/tests/test_phase3_closure.py: 27 warnings
backend/tests/test_expert_membership_permissions.py: 3 warnings
backend/tests/test_admin_capability_composition.py: 2 warnings
  C:\Users\pc\AppData\Local\Programs\Python\Python313\Lib\site-packages\sqlalchemy\sql\schema.py:3596: DeprecationWarning: datetime.datetime.utcnow() is deprecated and scheduled for removal in a future version. Use timezone-aware objects to represent datetimes in UTC: datetime.datetime.now(datetime.UTC).
    return util.wrap_callable(lambda ctx: fn(), fn)  # type: ignore

backend/tests/test_execution_authority_3a.py: 1 warning
backend/tests/test_phase3_reported_facts.py: 6 warnings
backend/tests/test_phase3_cargo_delivery.py: 10 warnings
backend/tests/test_phase3_closure.py: 3 warnings
backend/tests/test_expert_membership_permissions.py: 2 warnings
  D:\1-webapp\forwarder-dev\human-walkthrough-runtime-source\backend\services\auth_session_service.py:48: DeprecationWarning: datetime.datetime.utcnow() is deprecated and scheduled for removal in a future version. Use timezone-aware objects to represent datetimes in UTC: datetime.datetime.now(datetime.UTC).
    now = datetime.utcnow()

backend/tests/test_execution_authority_3a.py: 2 warnings
backend/tests/test_phase3_reported_facts.py: 12 warnings
backend/tests/test_phase3_cargo_delivery.py: 20 warnings
backend/tests/test_phase3_closure.py: 6 warnings
backend/tests/test_expert_membership_permissions.py: 4 warnings
  D:\1-webapp\forwarder-dev\human-walkthrough-runtime-source\backend\security.py:105: DeprecationWarning: datetime.datetime.utcnow() is deprecated and scheduled for removal in a future version. Use timezone-aware objects to represent datetimes in UTC: datetime.datetime.now(datetime.UTC).
    'iat': datetime.utcnow(),

backend/tests/test_execution_authority_3a.py: 2 warnings
backend/tests/test_phase3_reported_facts.py: 12 warnings
backend/tests/test_phase3_cargo_delivery.py: 20 warnings
backend/tests/test_phase3_closure.py: 6 warnings
backend/tests/test_expert_membership_permissions.py: 4 warnings
  D:\1-webapp\forwarder-dev\human-walkthrough-runtime-source\backend\security.py:107: DeprecationWarning: datetime.datetime.utcnow() is deprecated and scheduled for removal in a future version. Use timezone-aware objects to represent datetimes in UTC: datetime.datetime.now(datetime.UTC).
    'exp': datetime.utcnow() + (

backend/tests/test_execution_authority_3a.py: 1 warning
backend/tests/test_phase3_reported_facts.py: 6 warnings
backend/tests/test_phase3_cargo_delivery.py: 13 warnings
backend/tests/test_phase3_closure.py: 3 warnings
backend/tests/test_expert_membership_permissions.py: 3 warnings
  D:\1-webapp\forwarder-dev\human-walkthrough-runtime-source\backend\services\auth_session_service.py:67: DeprecationWarning: datetime.datetime.utcnow() is deprecated and scheduled for removal in a future version. Use timezone-aware objects to represent datetimes in UTC: datetime.datetime.now(datetime.UTC).
    now = datetime.utcnow()

-- Docs: https://docs.pytest.org/en/stable/how-to/capture-warnings.html
13 passed, 330 warnings in 10.48s
