................                                                         [100%]
============================== warnings summary ===============================
backend\monitoring.py:30
  D:\1-webapp\forwarder-dev\human-walkthrough-customer-request-hardening\backend\monitoring.py:30: DeprecationWarning: datetime.datetime.utcnow() is deprecated and scheduled for removal in a future version. Use timezone-aware objects to represent datetimes in UTC: datetime.datetime.now(datetime.UTC).
    self.start_time = datetime.utcnow()

backend/tests/test_customer_entitlement.py: 21 warnings
backend/tests/test_operational_execution_190.py: 7 warnings
backend/tests/test_operational_vertical_slice.py: 9 warnings
backend/tests/test_phase3_cargo_lineage.py: 23 warnings
backend/tests/test_phase3_closure.py: 9 warnings
backend/tests/test_phase3_customer_shipment.py: 41 warnings
backend/tests/test_phase3_owner_transfer.py: 11 warnings
backend/tests/test_phase3_route_time.py: 9 warnings
backend/tests/test_shipment_economics.py: 10 warnings
  C:\Users\pc\AppData\Local\Programs\Python\Python313\Lib\site-packages\sqlalchemy\sql\schema.py:3596: DeprecationWarning: datetime.datetime.utcnow() is deprecated and scheduled for removal in a future version. Use timezone-aware objects to represent datetimes in UTC: datetime.datetime.now(datetime.UTC).
    return util.wrap_callable(lambda ctx: fn(), fn)  # type: ignore

backend/tests/test_customer_entitlement.py::test_dn10_openapi_and_tenant_inventory_cover_runtime
backend/tests/test_customer_entitlement.py::test_dn10_openapi_and_tenant_inventory_cover_runtime
backend/tests/test_customer_entitlement.py::test_dn10_openapi_and_tenant_inventory_cover_runtime
backend/tests/test_customer_entitlement.py::test_dn10_openapi_and_tenant_inventory_cover_runtime
backend/tests/test_customer_entitlement.py::test_dn10_openapi_and_tenant_inventory_cover_runtime
backend/tests/test_phase3_cargo_lineage.py::test_p3_02_openapi_matches_runtime_routes
backend/tests/test_phase3_cargo_lineage.py::test_p3_02_openapi_matches_runtime_routes
backend/tests/test_phase3_cargo_lineage.py::test_p3_02_openapi_matches_runtime_routes
  D:\1-webapp\forwarder-dev\human-walkthrough-customer-request-hardening\backend\services\auth_session_service.py:48: DeprecationWarning: datetime.datetime.utcnow() is deprecated and scheduled for removal in a future version. Use timezone-aware objects to represent datetimes in UTC: datetime.datetime.now(datetime.UTC).
    now = datetime.utcnow()

backend/tests/test_customer_entitlement.py: 10 warnings
backend/tests/test_phase3_cargo_lineage.py: 6 warnings
  D:\1-webapp\forwarder-dev\human-walkthrough-customer-request-hardening\backend\security.py:105: DeprecationWarning: datetime.datetime.utcnow() is deprecated and scheduled for removal in a future version. Use timezone-aware objects to represent datetimes in UTC: datetime.datetime.now(datetime.UTC).
    'iat': datetime.utcnow(),

backend/tests/test_customer_entitlement.py: 10 warnings
backend/tests/test_phase3_cargo_lineage.py: 6 warnings
  D:\1-webapp\forwarder-dev\human-walkthrough-customer-request-hardening\backend\security.py:107: DeprecationWarning: datetime.datetime.utcnow() is deprecated and scheduled for removal in a future version. Use timezone-aware objects to represent datetimes in UTC: datetime.datetime.now(datetime.UTC).
    'exp': datetime.utcnow() + (

-- Docs: https://docs.pytest.org/en/stable/how-to/capture-warnings.html
16 passed, 1669 deselected, 181 warnings in 17.72s
