............sssssss..................................................... [  4%]
........................................................................ [  8%]
...........................................ssssss....................... [ 12%]
.........................................................s.............. [ 17%]
........................................................................ [ 21%]
........................................................s............... [ 25%]
.................................................s...................... [ 29%]
.sss.................................................................sss [ 34%]
sssssssssss..ssss......................s................s............... [ 38%]
...s.................................................................... [ 42%]
..........................sssssssssssss....................ssss......... [ 47%]
ssssssss.....................ss....................s.................... [ 51%]
...................................s...s........sss................sssss [ 55%]
ssssssssss...........................................................s.. [ 59%]
..............................................sssss..............ss..... [ 64%]
.........s........s......................s.....s........................ [ 68%]
s................s...s........................s.....................s... [ 72%]
.s.....................s...............s.......s........................ [ 77%]
.............................s.............ss........................... [ 81%]
........................s..sss......................s................... [ 85%]
..s..................................................................... [ 89%]
.................................................s...................... [ 94%]
.....................................................s.................. [ 98%]
....................s.....                                               [100%]
1561 passed, 121 skipped, 21970 warnings in 2062.77s (0:34:22)
