
> vite_react_shadcn_ts@1.9.5.1 lint
> eslint .


D:\1-webapp\forwarder-dev\src\components\ReleaseIdentity.tsx
  8:14  warning  Fast refresh only works when a file only exports components. Use a new file to share constants or functions between components  react-refresh/only-export-components

D:\1-webapp\forwarder-dev\src\components\ui\badge.tsx
  29:17  warning  Fast refresh only works when a file only exports components. Use a new file to share constants or functions between components  react-refresh/only-export-components

D:\1-webapp\forwarder-dev\src\components\ui\button.tsx
  49:18  warning  Fast refresh only works when a file only exports components. Use a new file to share constants or functions between components  react-refresh/only-export-components

D:\1-webapp\forwarder-dev\src\components\ui\form.tsx
  129:10  warning  Fast refresh only works when a file only exports components. Use a new file to share constants or functions between components  react-refresh/only-export-components

D:\1-webapp\forwarder-dev\src\components\ui\navigation-menu.tsx
  111:3  warning  Fast refresh only works when a file only exports components. Use a new file to share constants or functions between components  react-refresh/only-export-components

D:\1-webapp\forwarder-dev\src\components\ui\sidebar.tsx
  636:3  warning  Fast refresh only works when a file only exports components. Use a new file to share constants or functions between components  react-refresh/only-export-components

D:\1-webapp\forwarder-dev\src\components\ui\sonner.tsx
  27:19  warning  Fast refresh only works when a file only exports components. Use a new file to share constants or functions between components  react-refresh/only-export-components

D:\1-webapp\forwarder-dev\src\components\ui\toggle.tsx
  37:18  warning  Fast refresh only works when a file only exports components. Use a new file to share constants or functions between components  react-refresh/only-export-components

D:\1-webapp\forwarder-dev\src\contexts\SiteSettingsContext.tsx
  93:17  warning  Fast refresh only works when a file only exports components. Use a new file to share constants or functions between components  react-refresh/only-export-components
  97:17  warning  Fast refresh only works when a file only exports components. Use a new file to share constants or functions between components  react-refresh/only-export-components

D:\1-webapp\forwarder-dev\src\pages\Index.tsx
  12:14  warning  Fast refresh only works when a file only exports components. Use a new file to share constants or functions between components  react-refresh/only-export-components

D:\1-webapp\forwarder-dev\src\pages\UserManagement.tsx
  205:6  warning  React Hook useEffect has a missing dependency: 'loadData'. Either include it or remove the dependency array  react-hooks/exhaustive-deps

✖ 12 problems (0 errors, 12 warnings)
