
Running 4 tests using 1 worker

(node:31096) Warning: The 'NO_COLOR' env is ignored due to the 'FORCE_COLOR' env being set.
(Use `node --trace-warnings ...` to show where the warning was created)


[1/4] e2e\mt3-public-tracking-security.spec.ts:61:3 › MT-3 public tracking identity and authorization › A — valid opaque capability renders the minimized desktop RTL tracking journey
  1) e2e\mt3-public-tracking-security.spec.ts:61:3 › MT-3 public tracking identity and authorization › A — valid opaque capability renders the minimized desktop RTL tracking journey 

    Error: failed browser requests

    expect(received).toEqual(expected) // deep equality

    - Expected  - 1
    + Received  + 3

    - Array []
    + Array [
    +   "GET https://fonts.googleapis.com/css2?family=Vazirmatn:wght@100..900&display=swap net::ERR_INTERNET_DISCONNECTED",
    + ]

      47 | function expectClean(evidence: BrowserEvidence) {
      48 |   expect(evidence.pageErrors, "uncaught page errors").toEqual([]);
    > 49 |   expect(evidence.failedRequests, "failed browser requests").toEqual([]);
         |                                                              ^
      50 |   expect(evidence.unexpectedResponses, "unexpected API responses").toEqual([]);
      51 |   expect(evidence.consoleErrors.filter(item => !item.includes("favicon")), "console errors").toEqual([]);
      52 | }
        at expectClean (D:\1-webapp\forwarder-dev\phase3-p3-12-closure\e2e\mt3-public-tracking-security.spec.ts:49:62)
        at D:\1-webapp\forwarder-dev\phase3-p3-12-closure\e2e\mt3-public-tracking-security.spec.ts:115:5

    attachment #1: screenshot (image/png) ──────────────────────────────────────────────────────────
    ..\p312-qualification-d1574fa-20260926\owned-runtime\MT3-browser\mt3-public-tracking-securi-9250d-esktop-RTL-tracking-journey\test-failed-1.png
    ────────────────────────────────────────────────────────────────────────────────────────────────

    Error Context: ..\p312-qualification-d1574fa-20260926\owned-runtime\MT3-browser\mt3-public-tracking-securi-9250d-esktop-RTL-tracking-journey\error-context.md

    attachment #3: trace (application/zip) ─────────────────────────────────────────────────────────
    ..\p312-qualification-d1574fa-20260926\owned-runtime\MT3-browser\mt3-public-tracking-securi-9250d-esktop-RTL-tracking-journey\trace.zip
    Usage:

        npx playwright show-trace ..\p312-qualification-d1574fa-20260926\owned-runtime\MT3-browser\mt3-public-tracking-securi-9250d-esktop-RTL-tracking-journey\trace.zip

    ────────────────────────────────────────────────────────────────────────────────────────────────


[2/4] e2e\mt3-public-tracking-security.spec.ts:118:3 › MT-3 public tracking identity and authorization › B/D — guessed same-tenant and foreign numeric identities disclose nothing on mobile RTL
[3/4] e2e\mt3-public-tracking-security.spec.ts:130:3 › MT-3 public tracking identity and authorization › C — adjacent numeric enumeration has zero successes and one error contract
[4/4] e2e\mt3-public-tracking-security.spec.ts:155:3 › MT-3 public tracking identity and authorization › E — product-generated capability is opaque and opens successfully
  1 failed
    e2e\mt3-public-tracking-security.spec.ts:61:3 › MT-3 public tracking identity and authorization › A — valid opaque capability renders the minimized desktop RTL tracking journey 
  3 did not run
