
 RUN  v4.1.10 D:/1-webapp/forwarder-dev/phase3-p3-11-explainable-eta

stdout | src/tests/components/LocationForm.destination.test.tsx
✅ Environment variables validated successfully
🔗 API (dev): relative /api via Vite proxy

 ✓ src/tests/components/LocationForm.destination.test.tsx (7 tests) 22048ms
     ✓ offers Combined Transport as one ordinary customer intent choice  1589ms
     ✓ Iran uses country and InternationalCity without the obsolete step  2374ms
     ✓ Turkey uses country and InternationalCity without the obsolete step  2415ms
     ✓ resets and reloads destination from Iran (Tehran)  2932ms
     ✓ resets and reloads destination from Turkey (Istanbul)  2798ms
     ✓ submits multiple optional cargo items without converting exact quantity to Number  7182ms
     ✓ keeps an empty voluntarily-added item on the form and blocks submission  2749ms
stdout | src/tests/pages/NewOperation.test.tsx
✅ Environment variables validated successfully
🔗 API (dev): relative /api via Vite proxy

 ✓ src/tests/pages/NewOperation.test.tsx (20 tests) 12000ms
     ✓ defaults domestic routes to a facility and clears hidden location state when switching modes  1821ms
     ✓ defaults international routes to a facility and clears hidden location state when switching modes  1379ms
     ✓ creates direct with canonical customer, optional project, canonical route and one in-flight key  1400ms
     ✓ ranks project facilities but keeps organization points selectable and submits typed facility identities  1263ms
     ✓ requires and reviews an Iran origin province  395ms
     ✓ uses one typed Iran destination selector with derived province  558ms
     ✓ uses the governed Iran selector for a domestic Tehran to Bandar Abbas operation  1313ms
     ✓ persists selected active catalog cargo before leaving the direct creation flow  1355ms
     ✓ persists selected active catalog cargo before leaving the accepted_quote creation flow  846ms
     ✓ associates required errors and focuses the first invalid control  536ms
stdout | src/tests/pages/OperationalShipmentDetail.behavior.test.tsx
✅ Environment variables validated successfully
🔗 API (dev): relative /api via Vite proxy

 ✓ src/tests/pages/OperationalShipmentDetail.behavior.test.tsx (32 tests) 7572ms
     ✓ clears private detail on focus denial and discards an older delayed route response  595ms
     ✓ uses each leg's authoritative departure ID and the operator's edited time  657ms
     ✓ submits edited checkpoint and correction times without changing verification  737ms
     ✓ keeps occurrence time after a failed command and hides actions without permission  372ms
     ✓ reports a reconciliation no-op  315ms
     ✓ sends checkpoint version and idempotency keys  429ms
     ✓ renders open/resolved exception history and validates manual resolution  467ms
 ✓ src/tests/components/CargoFoundation.test.tsx (13 tests) 3414ms
     ✓ keeps the accepted plan when actual quantity is edited after a delayed refresh  797ms
     ✓ shows legacy quantity as unknown and records an explicit planned meaning  398ms
     ✓ qualifies tracking-unit render identity by source domain without masking same-domain duplicates  356ms
 ✓ src/tests/components/ProjectConfigurationAcceptance.test.tsx (12 tests) 3377ms
     ✓ manages project commodity preferences without presenting an allowlist  729ms
     ✓ loads, creates, edits and changes lifecycle for governed services  516ms
     ✓ creates service flags and surfaces duplicate, primary and optimistic conflicts with refresh  333ms
     ✓ supports document opaque create/edit/lifecycle and conditional-only description  650ms
     ✓ supports milestone fields, point editing, validation, lifecycle and mixed-state reorder  628ms
stdout | src/tests/components/RouteAuthoringSection.test.tsx
✅ Environment variables validated successfully
🔗 API (dev): relative /api via Vite proxy

 ✓ src/tests/components/RouteAuthoringSection.test.tsx (19 tests) 3089ms
     ✓ offers draft creation without a route and hides it without capability  364ms
     ✓ adds a leg with distinct canonical geography and optional facility identity  438ms
     ✓ starts the first leg at sequence one while leaving validation to the backend  300ms
     ✓ loads governed international cities for the selected country  648ms
stdout | src/tests/pages/CommandCenter.test.tsx
✅ Environment variables validated successfully
🔗 API (dev): relative /api via Vite proxy

 ✓ src/tests/pages/CommandCenter.test.tsx (8 tests) 2936ms
     ✓ presents the integrated platform with one dedicated tracking form  493ms
     ✓ submits a request tracking code with Enter  908ms
     ✓ routes opaque Project codes without changing the backend contract  749ms
stdout | src/tests/pages/QuoteCommunication.test.tsx
✅ Environment variables validated successfully
🔗 API (dev): relative /api via Vite proxy

 ✓ src/tests/pages/QuoteCommunication.test.tsx (4 tests) 2104ms
     ✓ offers exactly three clear actions and sends only a bounded discussion message  1685ms
stdout | src/tests/components/DocumentDefinitionsTab.test.tsx
✅ Environment variables validated successfully
🔗 API (dev): relative /api via Vite proxy

 ✓ src/tests/components/DocumentDefinitionsTab.test.tsx (8 tests) 2397ms
     ✓ renders bilingual identity, governance distinctions and server filters  689ms
     ✓ honors expected revision and presents stale-write conflict  391ms
     ✓ validates the compact draft form, prevents duplicate submits, refreshes, and opens the created item  525ms
     ✓ keeps entered values after a create error and does not change existing rows  302ms
stdout | src/tests/pages/RequestDetail.tracking-actions.test.tsx
✅ Environment variables validated successfully
🔗 API (dev): relative /api via Vite proxy

 ✓ src/tests/pages/RequestDetail.tracking-actions.test.tsx (3 tests) 2157ms
     ✓ removes the retired add-unit form while keeping mapped update actions and unit reads  733ms
     ✓ uses a canonical-workflow empty state without restoring a responsive or alternate add action  343ms
     ✓ selects a same-tenant private point and submits its governed identity  1075ms
 ✓ src/tests/pages/ExecutionUnitPages.test.tsx (6 tests) 1847ms
     ✓ keeps numeric-looking unit, vehicle, and public identifiers unformatted  481ms
     ✓ allocates cargo, persists a carrier, and localizes the shared-transport classification  462ms
     ✓ keeps canonical commands available and round-trips a private-point identity  545ms
 ✓ src/tests/components/InternationalLocationSelector.test.tsx (3 tests) 2078ms
   ✓ uses bounded pages and retains the selected identity across page and query changes  929ms
   ✓ distinguishes lookup failure from an empty search and supports retry  546ms
   ✓ discards a response from a prior country and marks fallback Persian labels honestly  601ms
stdout | src/tests/pages/CustomerPortalAccess.test.tsx
✅ Environment variables validated successfully
🔗 API (dev): relative /api via Vite proxy

 ✓ src/tests/pages/CustomerPortalAccess.test.tsx (1 test) 1893ms
     ✓ registers with credentials and contact fields but no client-owned identity  1889ms
stdout | src/tests/pages/CustomerManagement.test.tsx
✅ Environment variables validated successfully
🔗 API (dev): relative /api via Vite proxy

 ✓ src/tests/pages/CustomerManagement.test.tsx (6 tests) 1565ms
     ✓ creates and refreshes the server customer list  516ms
     ✓ requires an explicit retry after a duplicate warning  489ms
stdout | src/tests/components/OperationalConditionsSection.test.tsx
✅ Environment variables validated successfully
🔗 API (dev): relative /api via Vite proxy

 ✓ src/tests/components/OperationalConditionsSection.test.tsx (3 tests) 1930ms
     ✓ records an explicit delay with a governed reason and reloads authoritative cases  813ms
     ✓ records and presents the bounded impact and evidence of an exception  1066ms
 ✓ src/tests/components/RouteScrollManager.test.tsx (12 tests) 1682ms
     ✓ finds a late hash target but stops retrying after user interaction  500ms
stdout | src/tests/components/CaseDocumentsTab.test.tsx
✅ Environment variables validated successfully
🔗 API (dev): relative /api via Vite proxy

 ✓ src/tests/components/CaseDocumentsTab.test.tsx (6 tests) 912ms
     ✓ retries only a known failed item and never resubmits successful siblings  372ms
stdout | src/tests/control-tower/ControlTowerOperationalView.test.tsx
✅ Environment variables validated successfully
🔗 API (dev): relative /api via Vite proxy

 ✓ src/tests/control-tower/ControlTowerOperationalView.test.tsx (12 tests) 1342ms
     ✓ renders the operational D1 facts without collapsing source-of-truth distinctions  508ms
 ✓ src/tests/components/MasterDataAdminTab.test.tsx (3 tests) 1226ms
     ✓ loads, searches, filters, and activates through the reusable grid  504ms
     ✓ extends central authority to the three Phase 3 reference families  446ms
 ✓ src/tests/components/OperationalEventLocationSelector.test.tsx (2 tests) 1305ms
     ✓ keeps global references separate and returns exact private identity  592ms
     ✓ searches both bounded sources without accepting a tenant id  711ms
stdout | src/tests/components/OperationalActionsSection.test.tsx
✅ Environment variables validated successfully
🔗 API (dev): relative /api via Vite proxy

 ✓ src/tests/components/OperationalActionsSection.test.tsx (3 tests) 1143ms
     ✓ shows the fixed internal owner and records a versioned follow-up  619ms
     ✓ keeps existing follow-up available after closure and hides new actions  382ms
 ✓ src/tests/components/LogisticsNetworkAcceptance.test.tsx (3 tests) 1101ms
     ✓ covers admin create, update, lifecycle, and probable duplicate confirmation  899ms
stdout | src/tests/pages/CustomerPortalShipments.test.tsx
✅ Environment variables validated successfully
🔗 API (dev): relative /api via Vite proxy

 ✓ src/tests/pages/CustomerPortalShipments.test.tsx (6 tests) 719ms
     ✓ shows honest unknowns and clears the entire projection when a download is revoked  493ms
stdout | src/tests/components/OrganizationReferenceCatalogTab.test.tsx
✅ Environment variables validated successfully
🔗 API (dev): relative /api via Vite proxy

 ✓ src/tests/components/OrganizationReferenceCatalogTab.test.tsx (4 tests) 924ms
     ✓ activates and deactivates with the refreshed activation version  493ms
 ✓ src/tests/components/OrganizationGlobalNetwork.test.tsx (7 tests) 943ms
     ✓ filters and adds a reference point directly to the organization network  467ms
stdout | src/tests/dashboard/control-tower.test.tsx
✅ Environment variables validated successfully
🔗 API (dev): relative /api via Vite proxy

stderr | src/tests/dashboard/control-tower.test.tsx > Operations Control Tower > loads the governed widgets from one registry request and analytics queries
The width(0) and height(0) of chart should be greater than 0,
       please check the style of container, or the props width(100%) and height(100%),
       or add a minWidth(0) or minHeight(undefined) or use aspect(undefined) to control the
       height and width.
The width(0) and height(0) of chart should be greater than 0,
       please check the style of container, or the props width(100%) and height(100%),
       or add a minWidth(0) or minHeight(undefined) or use aspect(undefined) to control the
       height and width.
The width(0) and height(0) of chart should be greater than 0,
       please check the style of container, or the props width(100%) and height(100%),
       or add a minWidth(0) or minHeight(undefined) or use aspect(undefined) to control the
       height and width.
The width(0) and height(0) of chart should be greater than 0,
       please check the style of container, or the props width(100%) and height(100%),
       or add a minWidth(0) or minHeight(undefined) or use aspect(undefined) to control the
       height and width.

stderr | src/tests/dashboard/control-tower.test.tsx > Operations Control Tower > propagates a customer filter through analytics queries
The width(0) and height(0) of chart should be greater than 0,
       please check the style of container, or the props width(100%) and height(100%),
       or add a minWidth(0) or minHeight(undefined) or use aspect(undefined) to control the
       height and width.
The width(0) and height(0) of chart should be greater than 0,
       please check the style of container, or the props width(100%) and height(100%),
       or add a minWidth(0) or minHeight(undefined) or use aspect(undefined) to control the
       height and width.
The width(0) and height(0) of chart should be greater than 0,
       please check the style of container, or the props width(100%) and height(100%),
       or add a minWidth(0) or minHeight(undefined) or use aspect(undefined) to control the
       height and width.
The width(0) and height(0) of chart should be greater than 0,
       please check the style of container, or the props width(100%) and height(100%),
       or add a minWidth(0) or minHeight(undefined) or use aspect(undefined) to control the
       height and width.

stderr | src/tests/dashboard/control-tower.test.tsx > Operations Control Tower > uses POST drilldown with the widget normalized query
The width(0) and height(0) of chart should be greater than 0,
       please check the style of container, or the props width(100%) and height(100%),
       or add a minWidth(0) or minHeight(undefined) or use aspect(undefined) to control the
       height and width.
The width(0) and height(0) of chart should be greater than 0,
       please check the style of container, or the props width(100%) and height(100%),
       or add a minWidth(0) or minHeight(undefined) or use aspect(undefined) to control the
       height and width.
The width(0) and height(0) of chart should be greater than 0,
       please check the style of container, or the props width(100%) and height(100%),
       or add a minWidth(0) or minHeight(undefined) or use aspect(undefined) to control the
       height and width.
The width(0) and height(0) of chart should be greater than 0,
       please check the style of container, or the props width(100%) and height(100%),
       or add a minWidth(0) or minHeight(undefined) or use aspect(undefined) to control the
       height and width.

 ✓ src/tests/dashboard/control-tower.test.tsx (3 tests) 985ms
     ✓ loads the governed widgets from one registry request and analytics queries  387ms
     ✓ uses POST drilldown with the widget normalized query  300ms
stdout | src/tests/pages/AdminPanelReferenceAuthority.test.tsx
✅ Environment variables validated successfully
🔗 API (dev): relative /api via Vite proxy

 ✓ src/tests/pages/AdminPanelReferenceAuthority.test.tsx (2 tests) 895ms
     ✓ shows organization activation and tenant cargo only to Organization Admin  690ms
stdout | src/tests/components/ShipmentOwnerTransfer.test.tsx
✅ Environment variables validated successfully
🔗 API (dev): relative /api via Vite proxy

 ✓ src/tests/components/ShipmentOwnerTransfer.test.tsx (6 tests) 840ms
     ✓ requires target, reason and explicit final confirmation with pinned version  445ms
stdout | src/tests/pages/OperationalPages.test.tsx
✅ Environment variables validated successfully
🔗 API (dev): relative /api via Vite proxy

 ✓ src/tests/pages/OperationalPages.test.tsx (3 tests) 808ms
     ✓ renders loading then list data and filters  522ms
stdout | src/tests/components/GlobalLogisticsNetworkGovernance.test.tsx
✅ Environment variables validated successfully
🔗 API (dev): relative /api via Vite proxy

 ✓ src/tests/components/GlobalLogisticsNetworkGovernance.test.tsx (2 tests) 788ms
     ✓ supports filters, draft creation, opaque detail, and governed actions  651ms
stdout | src/tests/components/RouteStageTransportExecutionSection.test.tsx
✅ Environment variables validated successfully
🔗 API (dev): relative /api via Vite proxy

 ✓ src/tests/components/RouteStageTransportExecutionSection.test.tsx (3 tests) 697ms
     ✓ renders independent executions, a rail chain, neutral incompleteness, and history  330ms
stdout | src/tests/pages/UserManagement.test.tsx
✅ Environment variables validated successfully
🔗 API (dev): relative /api via Vite proxy

 ✓ src/tests/pages/UserManagement.test.tsx (3 tests) 684ms
     ✓ renders users when nullable array fields are absent  402ms
stdout | src/tests/dashboard/builder-route.test.tsx
✅ Environment variables validated successfully
🔗 API (dev): relative /api via Vite proxy

 ✓ src/tests/dashboard/builder-route.test.tsx (4 tests) 712ms
     ✓ loads directly, starts clean, and previews through the shared runtime  430ms
stdout | src/tests/components/QuoteModal.test.tsx
✅ Environment variables validated successfully
🔗 API (dev): relative /api via Vite proxy

 ✓ src/tests/components/QuoteModal.test.tsx (1 test) 698ms
     ✓ offers EUR and submits its canonical code through the existing quote path  696ms
stdout | src/tests/dashboard/widgets.test.tsx
✅ Environment variables validated successfully
🔗 API (dev): relative /api via Vite proxy

 ✓ src/tests/dashboard/widgets.test.tsx (4 tests) 673ms
     ✓ renders an explicit backend failure state  341ms
stdout | src/tests/components/DeliverySection.test.tsx
✅ Environment variables validated successfully
🔗 API (dev): relative /api via Vite proxy

 ✓ src/tests/components/DeliverySection.test.tsx (3 tests) 459ms
     ✓ accepts excess reality and preserves command key through an uncertain retry  308ms
stdout | src/tests/components/OrganizationDocumentPolicyTab.test.tsx
✅ Environment variables validated successfully
🔗 API (dev): relative /api via Vite proxy

 ✓ src/tests/components/OrganizationDocumentPolicyTab.test.tsx (2 tests) 290ms
stdout | src/tests/components/ShipmentClosure.test.tsx
✅ Environment variables validated successfully
🔗 API (dev): relative /api via Vite proxy

 ✓ src/tests/components/ShipmentClosure.test.tsx (8 tests) 600ms
     ✓ requires an explicit review and confirmation and sends the assessed version  308ms
stdout | src/tests/components/DocumentReadinessSection.test.tsx
✅ Environment variables validated successfully
🔗 API (dev): relative /api via Vite proxy

 ✓ src/tests/components/DocumentReadinessSection.test.tsx (3 tests) 316ms
stdout | src/tests/components/RouteReferenceTimes.test.tsx
✅ Environment variables validated successfully
🔗 API (dev): relative /api via Vite proxy

 ✓ src/tests/components/RouteReferenceTimes.test.tsx (5 tests) 503ms
stdout | src/tests/dashboard/persisted-dashboard.test.tsx
✅ Environment variables validated successfully
🔗 API (dev): relative /api via Vite proxy

 ✓ src/tests/dashboard/persisted-dashboard.test.tsx (6 tests) 342ms
stderr | src/tests/components/ApplicationNavigation.test.tsx > shared application navigation > falls back to the canonical authenticated home
No routes matched location "/operations/shipments" 

stderr | src/tests/components/ApplicationNavigation.test.tsx > shared application navigation > uses the canonical admin home
No routes matched location "/anything" 

 ✓ src/tests/components/ApplicationNavigation.test.tsx (2 tests) 384ms
     ✓ falls back to the canonical authenticated home  314ms
stdout | src/tests/pages/ExpertConsole.count-list.test.tsx
✅ Environment variables validated successfully
🔗 API (dev): relative /api via Vite proxy

 ✓ src/tests/pages/ExpertConsole.count-list.test.tsx (1 test) 417ms
     ✓ refreshes list and canonical counts together and applies the same search  415ms
stdout | src/tests/saved-view/controls.test.tsx
✅ Environment variables validated successfully
🔗 API (dev): relative /api via Vite proxy

 ✓ src/tests/saved-view/controls.test.tsx (2 tests) 560ms
     ✓ loads and applies a compatible view  337ms
stdout | src/tests/components/UnifiedShipmentHistory.test.tsx
✅ Environment variables validated successfully
🔗 API (dev): relative /api via Vite proxy

 ✓ src/tests/components/UnifiedShipmentHistory.test.tsx (2 tests) 449ms
     ✓ renders business labels, occurrence versus recording time, lineage, filters, and bounded pages read-only  398ms
stdout | src/tests/pages/OperationalWorkspace.test.tsx
✅ Environment variables validated successfully
🔗 API (dev): relative /api via Vite proxy

 ✓ src/tests/pages/OperationalWorkspace.test.tsx (5 tests) 932ms
     ✓ renders a sourced overview and links every operational item to its shipment  669ms
 ✓ src/tests/pages/CRMDashboard.test.tsx (1 test) 244ms
 ✓ src/tests/components/RequestCargoEditor.test.tsx (2 tests) 293ms
stdout | src/tests/components/CargoAllocationTraceSection.test.tsx
✅ Environment variables validated successfully
🔗 API (dev): relative /api via Vite proxy

 ✓ src/tests/components/CargoAllocationTraceSection.test.tsx (2 tests) 373ms
stdout | src/tests/components/RouteActualSection.test.tsx
✅ Environment variables validated successfully
🔗 API (dev): relative /api via Vite proxy

 ✓ src/tests/components/RouteActualSection.test.tsx (1 test) 377ms
     ✓ shows plan deviation separately and appends a fact without changing the plan  375ms
stdout | src/tests/pages/QuoteCurrency.role-consistency.test.tsx
✅ Environment variables validated successfully
🔗 API (dev): relative /api via Vite proxy

 ✓ src/tests/pages/QuoteCurrency.role-consistency.test.tsx (1 test) 369ms
     ✓ uses the shared B2 money formatter for Customer and Expert views  367ms
stdout | src/tests/components/OrganizationSlaRulesTab.test.tsx
✅ Environment variables validated successfully
🔗 API (dev): relative /api via Vite proxy

 ✓ src/tests/components/OrganizationSlaRulesTab.test.tsx (1 test) 526ms
     ✓ creates only an explicit organization value and explains the prospective clock  524ms
stdout | src/tests/components/OperationalExecutionSection.test.tsx
✅ Environment variables validated successfully
🔗 API (dev): relative /api via Vite proxy

 ✓ src/tests/components/OperationalExecutionSection.test.tsx (4 tests) 354ms
stdout | src/tests/dashboard/dashboard-index.test.tsx
✅ Environment variables validated successfully
🔗 API (dev): relative /api via Vite proxy

 ✓ src/tests/dashboard/dashboard-index.test.tsx (3 tests) 306ms
 ✓ src/tests/components/ExpertTerminology.test.tsx (2 tests) 167ms
stdout | src/tests/components/OperationsNav.test.tsx
✅ Environment variables validated successfully
🔗 API (dev): relative /api via Vite proxy

 ✓ src/tests/components/OperationsNav.test.tsx (6 tests) 318ms
stdout | src/tests/components/ShipmentDocuments.test.tsx
✅ Environment variables validated successfully
🔗 API (dev): relative /api via Vite proxy

 ✓ src/tests/components/ShipmentDocuments.test.tsx (2 tests) 396ms
stdout | src/tests/control-tower/OperationsControlTower.integration.test.tsx
✅ Environment variables validated successfully
🔗 API (dev): relative /api via Vite proxy

 ✓ src/tests/control-tower/OperationsControlTower.integration.test.tsx (1 test) 124ms
stdout | src/tests/pages/RequestTransport.role-consistency.test.tsx
✅ Environment variables validated successfully
🔗 API (dev): relative /api via Vite proxy

 ✓ src/tests/pages/RequestTransport.role-consistency.test.tsx (1 test) 495ms
     ✓ shows the same localized stored request fact to Customer and Expert  493ms
stdout | src/tests/components/ShipmentEconomicsSection.test.tsx
✅ Environment variables validated successfully
🔗 API (dev): relative /api via Vite proxy

 ✓ src/tests/components/ShipmentEconomicsSection.test.tsx (2 tests) 207ms
 ✓ src/tests/components/CustomerAccessTab.test.tsx (2 tests) 343ms
stdout | src/tests/components/OperationalExecutionPreviewIsolation.test.tsx
✅ Environment variables validated successfully
🔗 API (dev): relative /api via Vite proxy

 ✓ src/tests/components/OperationalExecutionPreviewIsolation.test.tsx (1 test) 155ms
stdout | src/tests/components/ReportedFactsSection.test.tsx
✅ Environment variables validated successfully
🔗 API (dev): relative /api via Vite proxy

 ✓ src/tests/components/ReportedFactsSection.test.tsx (2 tests) 288ms
 ✓ src/tests/components/CargoEta.test.tsx (5 tests) 358ms
stdout | src/tests/pages/PublicTracking.transport.test.tsx
✅ Environment variables validated successfully
🔗 API (dev): relative /api via Vite proxy

 ✓ src/tests/pages/PublicTracking.transport.test.tsx (2 tests) 169ms
stdout | src/tests/components/ReleaseIdentity.test.tsx
✅ Environment variables validated successfully
🔗 API (dev): relative /api via Vite proxy

 ✓ src/tests/components/ReleaseIdentity.test.tsx (3 tests) 62ms
 ✓ src/tests/components/ProtectedRoute.test.tsx (2 tests) 55ms
stdout | src/tests/App.routing.test.tsx
✅ Environment variables validated successfully
🔗 API (dev): relative /api via Vite proxy

stderr | src/tests/App.routing.test.tsx > App operational routing > allows organization-scoped users to reach operational routes
Health check URL: /api/health

stdout | src/tests/App.routing.test.tsx > App operational routing > allows organization-scoped users to reach operational routes
✅ Backend health OK: { status: 'ok' }

stderr | src/tests/App.routing.test.tsx > App operational routing > makes the operational workspace available to organization-scoped users
Health check URL: /api/health

stdout | src/tests/App.routing.test.tsx > App operational routing > makes the operational workspace available to organization-scoped users
✅ Backend health OK: { status: 'ok' }

stderr | src/tests/App.routing.test.tsx > App operational routing > blocks a platform admin that has no tenant context
Health check URL: /api/health

stdout | src/tests/App.routing.test.tsx > App operational routing > blocks a platform admin that has no tenant context
✅ Backend health OK: { status: 'ok' }

stderr | src/tests/App.routing.test.tsx > App operational routing > redirects malformed stored authentication state to the public route
Health check URL: /api/health

stdout | src/tests/App.routing.test.tsx > App operational routing > redirects malformed stored authentication state to the public route
✅ Backend health OK: { status: 'ok' }

 ✓ src/tests/App.routing.test.tsx (5 tests) 168ms
 ✓ src/tests/i18n.business-labels.test.tsx (1 test) 64ms
 ✓ src/tests/components/LoadingSpinner.test.tsx (4 tests) 81ms
 ✓ src/lib/localDate.test.ts (17 tests) 34ms
 ✓ src/lib/dualCalendar.test.ts (20 tests) 30ms
 ✓ src/tests/components/ShipmentCargoItems.presentation.test.ts (7 tests) 35ms
 ✓ src/lib/transportPresentation.test.ts (5 tests) 23ms
stdout | src/lib/customerPortalApi.test.ts
✅ Environment variables validated successfully
🔗 API (dev): relative /api via Vite proxy

 ✓ src/lib/customerPortalApi.test.ts (6 tests) 24ms
stdout | src/lib/routeAuthoringApi.test.ts
✅ Environment variables validated successfully
🔗 API (dev): relative /api via Vite proxy

 ✓ src/lib/routeAuthoringApi.test.ts (3 tests) 10ms
 ✓ src/lib/authContinuity.test.ts (2 tests) 16ms
 ✓ src/tests/dashboard/canonical-manifest.test.ts (2 tests) 15ms
stdout | src/lib/organizationReferenceCatalogApi.test.ts
✅ Environment variables validated successfully
🔗 API (dev): relative /api via Vite proxy

 ✓ src/lib/organizationReferenceCatalogApi.test.ts (2 tests) 16ms
stdout | src/lib/apiAuth.test.ts
✅ Environment variables validated successfully
🔗 API (dev): relative /api via Vite proxy

 ✓ src/lib/apiAuth.test.ts (2 tests) 14ms
 ✓ src/tests/viteBackendTarget.test.ts (8 tests) 10ms
stdout | src/tests/control-tower/api.test.ts
✅ Environment variables validated successfully
🔗 API (dev): relative /api via Vite proxy

 ✓ src/tests/control-tower/api.test.ts (3 tests) 8ms
stdout | src/tests/internationalDestination.test.ts
✅ Environment variables validated successfully
🔗 API (dev): relative /api via Vite proxy

 ✓ src/tests/internationalDestination.test.ts (6 tests) 9ms
 ✓ src/tests/dashboard/validator.test.ts (4 tests) 9ms
 ✓ src/tests/dashboard/builder-state.test.ts (3 tests) 6ms
 ✓ src/lib/api-error-ux.test.ts (6 tests) 8ms
 ✓ src/tests/saved-view/adapter.test.ts (2 tests) 8ms
 ✓ src/tests/components/AdminPanelDocumentAuthority.test.ts (2 tests) 7ms
 ✓ src/tests/components/ExpertLogin.workspace.test.ts (7 tests) 5ms
 ✓ src/tests/components/LocationForm.geography.test.ts (1 test) 5ms
 ✓ src/lib/localDateTime.test.ts (7 tests) 7ms
 ✓ src/tests/components/OrganizationGlobalNetworkAuthority.test.ts (1 test) 5ms
 ✓ src/tests/components/GlobalLogisticsNetworkAuthority.test.ts (1 test) 4ms

 Test Files  93 passed (93)
      Tests  446 passed (446)
   Start at  22:06:58
   Duration  318.98s (transform 6.93s, setup 24.38s, import 28.47s, tests 101.33s, environment 135.03s)

JSON report written to D:/1-webapp/forwarder-dev/p311-qualification-c0e35a7-20260926/frontend/vitest.json
