.F........Fsssssss..........................F........................... [  6%]
........................................................................ [ 13%]
....Fssssss.............................................s............... [ 20%]
........ss.....F..F...........................F..........sssssssssssssss [ 27%]
.s.s.s.s.s...............sssssssssssssss.s.s.s.s.s...sss.s.sssss.sssssss [ 34%]
ss..F.....................F...s................s.......F.........s...FF. [ 41%]
...........FFF..FFFF.FFF................................F............... [ 48%]
..Fsssssssssssss..............ssss.........ssssssss..................... [ 55%]
ss...................s...............................................s.. [ 62%]
..............ssssssssssssss...F.......................s................ [ 69%]
..............sssss..............ss...........F.F....................... [ 76%]
..........................F.................s..sss....................F. [ 83%]
s....................................................................... [ 90%]
...s..........F...............................x...............s......... [ 97%]
.............FF.............s.                                           [100%]
================================== FAILURES ===================================
___________ test_operational_reads_and_dashboard_are_tenant_scoped ____________

mt_admin_app = (<Flask 'backend'>, {'platform': 1, 'admin_a': 2, 'admin_b': 3, 'expert_a': 4, ...}, {'platform': '[REDACTED_TEST_TOKEN]...DYyOTMsInNpZCI6IjM2MTBlMDk5LWExYjEtNDgxMS04YjRlLWY4NTUwZjU1Y2UzZiJ9.2PyugyO_k1VB-1r0XiII1f83VaTtYyFE04Fpcincgvs', ...})

    def test_operational_reads_and_dashboard_are_tenant_scoped(mt_admin_app):
        app,ids,tokens=mt_admin_app;c=app.test_client();headers=h(tokens,"admin_a")
>       rows=c.get("/api/admin/shipment-requests",headers=headers).get_json()["requests"]
             ^^^^^^^^^^^^^^^^^^^^^^^^^^^^^^^^^^^^^^^^^^^^^^^^^^^^^^^^^^^^^^^^^^^^^^^^^^^^
E       KeyError: 'requests'

backend\tests\test_admin_multitenant_adversarial.py:48: KeyError
---------------------------- Captured stdout setup ----------------------------
[startup] CORS configured.
CORS Configuration:
   Environment: testing
   Total Origins: 246
   Canonical Origin Present: False
   Allow All Enabled: False
   Supports Credentials: True
   Max Age: 3600 seconds
   Sample Origins:
      - http://127.0.0.1:3000
      - http://127.0.0.1:5173
      - http://127.0.0.1:8080
      - http://127.0.0.1:8081
      - http://127.0.0.1:8082
      ... and 241 more

[startup] Routes registered.
------------------------------ Captured log call ------------------------------
ERROR    backend:admin_panel.py:69 Error listing shipment requests: name 'project_transport' is not defined
____________ test_admin_shipment_request_detail_and_list_contract _____________

admin_panel_app = {'app': <Flask 'backend'>, 'admin_token': '[REDACTED_TEST_TOKEN]...ImFlZWQ1ZjlhLTgxOGQtNDNiNS1iOTI5LTVmYmQxOTgyODM1NCJ9.C1GvONvJA-4P53yxDz3cvqJhFFXKRYehhdEvDdiCy_s', 'expert_id': 2, ...}

    def test_admin_shipment_request_detail_and_list_contract(admin_panel_app):
        """Admin request detail/list keep auth, filters, date errors, pagination, and location shape."""
        client = admin_panel_app["app"].test_client()
        admin_headers = _auth_headers(admin_panel_app["admin_token"])
        expert_headers = _auth_headers(admin_panel_app["expert_token"])
        expected_forbidden_payload = {
            "error": "\u062f\u0633\u062a\u0631\u0633\u06cc \u063a\u06cc\u0631\u0645\u062c\u0627\u0632",
            "required_roles": ["admin"],
            "user_role": "expert",
        }

        unauthenticated_detail = client.get(
            f"/api/admin/shipment-requests/{admin_panel_app['assigned_request_id']}"
        )
        assert unauthenticated_detail.status_code == 401
        assert unauthenticated_detail.get_json() == {"error": "Token is missing"}

        forbidden_detail = client.get(
            f"/api/admin/shipment-requests/{admin_panel_app['assigned_request_id']}",
            headers=expert_headers,
        )
        assert forbidden_detail.status_code == 403
        assert forbidden_detail.get_json() == expected_forbidden_payload

        unauthenticated_list = client.get("/api/admin/shipment-requests")
        assert unauthenticated_list.status_code == 401
        assert unauthenticated_list.get_json() == {"error": "Token is missing"}

        forbidden_list = client.get("/api/admin/shipment-requests", headers=expert_headers)
        assert forbidden_list.status_code == 403
        assert forbidden_list.get_json() == expected_forbidden_payload

        missing_detail = client.get("/api/admin/shipment-requests/999999", headers=admin_headers)
        assert missing_detail.status_code == 404
        assert missing_detail.get_json() == {"error": "\u062f\u0631\u062e\u0648\u0627\u0633\u062a \u0645\u0648\u0631\u062f\u0646\u0638\u0631 \u06cc\u0627\u0641\u062a \u0646\u0634\u062f"}

        detail = client.get(f"/api/admin/shipment-requests/{admin_panel_app['assigned_request_id']}", headers=admin_headers)
>       assert detail.status_code == 200
E       assert 500 == 200
E        +  where 500 = <WrapperTestResponse streamed [500 INTERNAL SERVER ERROR]>.status_code

backend\tests\test_admin_panel_read_contract.py:253: AssertionError
---------------------------- Captured stdout setup ----------------------------
[startup] CORS configured.
CORS Configuration:
   Environment: testing
   Total Origins: 246
   Canonical Origin Present: False
   Allow All Enabled: False
   Supports Credentials: True
   Max Age: 3600 seconds
   Sample Origins:
      - http://127.0.0.1:3000
      - http://127.0.0.1:5173
      - http://127.0.0.1:8080
      - http://127.0.0.1:8081
      - http://127.0.0.1:8082
      ... and 241 more

[startup] Routes registered.
------------------------------ Captured log call ------------------------------
ERROR    backend:__init__.py:279 Unhandled 500: path=/api/admin/shipment-requests/1 method=GET
Traceback:
Traceback (most recent call last):
  File "C:\Users\pc\AppData\Local\Programs\Python\Python313\Lib\site-packages\flask\app.py", line 867, in full_dispatch_request
    rv = self.dispatch_request()
  File "C:\Users\pc\AppData\Local\Programs\Python\Python313\Lib\site-packages\flask\app.py", line 852, in dispatch_request
    return self.ensure_sync(self.view_functions[rule.endpoint])(**view_args)
           ~~~~~~~~~~~~~~~~~~~~~~~~~~~~~~~~~~~~~~~~~~~~~~~~~~~~^^^^^^^^^^^^^
  File "D:\1-webapp\forwarder-dev\backend\security.py", line 185, in decorated_function
    return f(*args, **kwargs)
  File "D:\1-webapp\forwarder-dev\backend\services\admin_authorization_service.py", line 72, in wrapped
    return fn(*args, **kwargs)
  File "D:\1-webapp\forwarder-dev\backend\routes\admin_panel.py", line 40, in get_shipment_request_detail
    payload = admin_shipment_request_service.get_admin_shipment_request_detail(request_id, getattr(g, "organization_context", None))
  File "D:\1-webapp\forwarder-dev\backend\services\admin_shipment_request_service.py", line 52, in get_admin_shipment_request_detail
    return build_admin_request_detail_payload(shipment_request)
  File "D:\1-webapp\forwarder-dev\backend\services\admin_shipment_request_service.py", line 203, in build_admin_request_detail_payload
    **project_transport(shipment_request),
      ^^^^^^^^^^^^^^^^^
NameError: name 'project_transport' is not defined

Request body (safe): <empty>
_ test_historical_long_revision_ids_are_detected_and_graph_has_one_feature_head _

    def test_historical_long_revision_ids_are_detected_and_graph_has_one_feature_head():
        revisions = _revision_ids()
        assert max(map(len, revisions)) > 32
        assert "20240918_add_shipment_request_log" in revisions
        assert len(revisions) == len(set(revisions))

        from alembic.config import Config
        from alembic.script import ScriptDirectory

        config = Config(str(Path(__file__).parents[1] / "migrations" / "alembic.ini"))
        config.set_main_option("script_location", str(Path(__file__).parents[1] / "migrations"))
        heads = ScriptDirectory.from_config(config).get_heads()
>       assert heads == ["20260916_fwd01_notifications"]
E       AssertionError: assert ['20260916_fw...sport_intent'] == ['20260916_fw...otifications']
E
E         At index 0 diff: '20260916_fwd03_transport_intent' != '20260916_fwd01_notifications'
E         Use -v to get more diff

backend\tests\test_alembic_version_table.py:95: AssertionError
_________________ test_case_document_migration_is_single_head _________________

    def test_case_document_migration_is_single_head():
        root = Path(__file__).resolve().parents[1]
        config = Config(str(root / "migrations" / "alembic.ini"))
        config.set_main_option("script_location", str(root / "migrations"))
        script = ScriptDirectory.from_config(config)
>       assert script.get_heads() == ["20260916_fwd01_notifications"]
E       AssertionError: assert ['20260916_fw...sport_intent'] == ['20260916_fw...otifications']
E
E         At index 0 diff: '20260916_fwd03_transport_intent' != '20260916_fwd01_notifications'
E         Use -v to get more diff

backend\tests\test_case_documents_migration.py:11: AssertionError
________________ test_execution_unit_migration_is_single_head _________________

    def test_execution_unit_migration_is_single_head():
        root=Path(__file__).resolve().parents[1]; config=Config(str(root/"migrations"/"alembic.ini")); config.set_main_option("script_location",str(root/"migrations"))
>       assert ScriptDirectory.from_config(config).get_heads()==["20260916_fwd01_notifications"]
E       AssertionError: assert ['20260916_fw...sport_intent'] == ['20260916_fw...otifications']
E
E         At index 0 diff: '20260916_fwd03_transport_intent' != '20260916_fwd01_notifications'
E         Use -v to get more diff

backend\tests\test_execution_units.py:139: AssertionError
____________ test_expert_request_read_contracts_and_access_errors _____________

expert_contract_app = {'app': <Flask 'backend'>, 'organization_id': 1, 'admin_id': 1, 'expert_id': 2, ...}

    def test_expert_request_read_contracts_and_access_errors(expert_contract_app):
        """Expert request list/detail endpoints keep auth, access, pagination, and response shapes."""
        client = expert_contract_app["app"].test_client()
        expert_headers = _auth_headers(expert_contract_app["expert_token"])
        other_headers = _auth_headers(expert_contract_app["other_expert_token"])

        unauthenticated = client.get("/api/expert/requests")
        assert unauthenticated.status_code == 401
        assert unauthenticated.get_json() == {"error": "Token is missing"}

        unauthenticated_detail = client.get(
            f"/api/expert/requests/{expert_contract_app['request_id']}"
        )
        assert unauthenticated_detail.status_code == 401
        assert unauthenticated_detail.get_json() == {"error": "Token is missing"}

        list_response = client.get(
            "/api/expert/requests?per_page=1", headers=expert_headers
        )
        assert list_response.status_code == 200
        list_data = list_response.get_json()
        assert set(list_data.keys()) == {"requests", "pagination"}
        assert set(list_data["pagination"].keys()) == {
            "page",
            "per_page",
            "total",
            "pages",
            "has_next",
            "has_prev",
        }
        assert len(list_data["requests"]) == 1
>       assert set(list_data["requests"][0].keys()) == {
            "id",
            "public_id",
            "tracking_number",
            "status",
            "priority",
            "created_at",
            "sla_due_at",
            "sla_status",
            "assigned_to",
            "customer",
            "route",
            "transport_method",
            "international_transport_method",
            "domestic_transport_method",
            "transport_method_preference",
            "cargo",
            "has_unread",
        }
E       AssertionError: assert {'assigned_to..._unread', ...} == {'assigned_to..._unread', ...}
E
E         Extra items in the left set:
E         'transport_intent'
E         'transport_summary'
E         Use -v to get more diff

backend\tests\test_expert_assignment_referral_contract.py:259: AssertionError
---------------------------- Captured stdout setup ----------------------------
[startup] CORS configured.
CORS Configuration:
   Environment: testing
   Total Origins: 246
   Canonical Origin Present: False
   Allow All Enabled: False
   Supports Credentials: True
   Max Age: 3600 seconds
   Sample Origins:
      - http://127.0.0.1:3000
      - http://127.0.0.1:5173
      - http://127.0.0.1:8080
      - http://127.0.0.1:8081
      - http://127.0.0.1:8082
      ... and 241 more

[startup] Routes registered.
______________ test_expert_sla_upgrade_constraints_and_downgrade ______________

tmp_path = WindowsPath('C:/Users/pc/AppData/Local/Temp/pytest-of-h.bagheri/pytest-1297/test_expert_sla_upgrade_constr0')

    def test_expert_sla_upgrade_constraints_and_downgrade(tmp_path):
        database = tmp_path / "expert-sla-migration.sqlite"
        url = f"sqlite:///{database.as_posix()}"
        config = _config(url)
        engine = sa.create_engine(url)
        with engine.begin() as connection:
            connection.execute(
                sa.text(
                    "CREATE TABLE expert_user ("
                    "id INTEGER PRIMARY KEY, username VARCHAR(50) NOT NULL, "
                    "password_hash VARCHAR(128) NOT NULL, full_name VARCHAR(100) NOT NULL, "
                    "role VARCHAR(20), is_active BOOLEAN, can_handle_domestic BOOLEAN NOT NULL, "
                    "can_handle_international BOOLEAN NOT NULL, created_at DATETIME NOT NULL)"
                )
            )
            connection.execute(
                sa.text(
                    "CREATE TABLE alembic_version ("
                    "version_num VARCHAR(255) NOT NULL PRIMARY KEY)"
                )
            )
            connection.execute(
                sa.text(
                    "INSERT INTO alembic_version (version_num) "
                    "VALUES ('20260802_expert_scope')"
                )
            )
            connection.execute(
                sa.text(
                    "INSERT INTO expert_user "
                    "(username, password_hash, full_name, role, is_active, "
                    "can_handle_domestic, can_handle_international, created_at) "
                    "VALUES ('existing', 'hash', 'Existing Expert', 'expert', 1, 1, 1, CURRENT_TIMESTAMP)"
                )
            )

        command.upgrade(config, "20260803_expert_sla")
        with engine.begin() as connection:
            assert connection.execute(
                sa.text("SELECT sla_response_work_minutes FROM expert_user")
            ).scalars().all() == [120]
            assert connection.execute(
                sa.text(
                    "SELECT COUNT(*) FROM expert_user "
                    "WHERE sla_response_work_minutes IS NULL"
                )
            ).scalar_one() == 0
            for value in (0, 10081):
                with pytest.raises(sa.exc.IntegrityError):
                    with connection.begin_nested():
                        connection.execute(
                            sa.text(
                                "UPDATE expert_user SET sla_response_work_minutes=:value"
                            ),
                            {"value": value},
                        )

        command.downgrade(config, "20260802_expert_scope")
        with engine.connect() as connection:
            inspector = sa.inspect(connection)
            columns = {column["name"] for column in inspector.get_columns("expert_user")}
            checks = {
                constraint["name"]
                for constraint in inspector.get_check_constraints("expert_user")
            }
            assert "sla_response_work_minutes" not in columns
            assert "ck_expert_user_sla_response_work_minutes" not in checks

>       assert ScriptDirectory.from_config(config).get_heads() == ["20260916_fwd01_notifications"]
E       AssertionError: assert ['20260916_fw...sport_intent'] == ['20260916_fw...otifications']
E
E         At index 0 diff: '20260916_fwd03_transport_intent' != '20260916_fwd01_notifications'
E         Use -v to get more diff

backend\tests\test_expert_sla_migration.py:89: AssertionError
---------------------------- Captured stderr call -----------------------------
INFO  [alembic.runtime.migration] Context impl SQLiteImpl.
INFO  [alembic.runtime.migration] Will assume non-transactional DDL.
INFO  [alembic.runtime.migration] Running upgrade 20260802_expert_scope -> 20260803_expert_sla, Add admin-managed response SLA duration to experts.
INFO  [alembic.runtime.migration] Context impl SQLiteImpl.
INFO  [alembic.runtime.migration] Will assume non-transactional DDL.
INFO  [alembic.runtime.migration] Running downgrade 20260803_expert_sla -> 20260802_expert_scope, Add admin-managed response SLA duration to experts.
__ test_countries_locations_roundtrip_country_fence_and_read_old_select_new ___

app = <Flask 'backend'>

    def test_countries_locations_roundtrip_country_fence_and_read_old_select_new(app):
        apply()
        client = app.test_client()
        countries = {x["code"]: x for x in client.get("/api/countries").get_json()}
        assert {"IT", "NO", "IR"}.issubset(countries)
        places = {code: client.get(f"/api/international-cities?country_id={countries[code]['id']}").get_json()
                  for code in ("IT", "NO", "IR")}
        assert len(places["IR"]) > 3
        for origin in ("IT", "NO"):
            payload = {"shipping_type": "international", "contact_phone": "09123456789",
                       "origin_country_id": countries[origin]["id"], "origin_international_city_id": places[origin][0]["id"],
                       "dest_country_id": countries["IR"]["id"], "dest_international_city_id": places["IR"][0]["id"]}
            response = client.post("/api/shipment-request", json=payload)
>           assert response.status_code == 201, response.get_json()
E           AssertionError: {'error': {'code': 'CARGO_DESCRIPTION_REQUIRED', 'message': '\u0634\u0631\u062d \u06a9\u0627\u0644\u0627 \u0631\u0627 \u0648\u0627\u0631\u062f \u06a9\u0646\u06cc\u062f.'}, 'field_errors': {'cargo_description': {'code': 'CARGO_DESCRIPTION_REQUIRED', 'message': '\u0634\u0631\u062d \u06a9\u0627\u0644\u0627 \u0631\u0627 \u0648\u0627\u0631\u062f \u06a9\u0646\u06cc\u062f.'}}, 'message': '\u0634\u0631\u062d \u06a9\u0627\u0644\u0627 \u0631\u0627 \u0648\u0627\u0631\u062f \u06a9\u0646\u06cc\u062f.'}
E           assert 400 == 201
E            +  where 400 = <WrapperTestResponse streamed [400 BAD REQUEST]>.status_code

backend\tests\test_fwd02_geography.py:89: AssertionError
---------------------------- Captured stdout setup ----------------------------
[startup] CORS configured.
CORS Configuration:
   Environment: testing
   Total Origins: 246
   Canonical Origin Present: False
   Allow All Enabled: False
   Supports Credentials: True
   Max Age: 3600 seconds
   Sample Origins:
      - http://127.0.0.1:3000
      - http://127.0.0.1:5173
      - http://127.0.0.1:8080
      - http://127.0.0.1:8081
      - http://127.0.0.1:8082
      ... and 241 more

[startup] Routes registered.
_______ test_adoption_is_sole_additive_head_and_has_retained_data_guard _______

    def test_adoption_is_sole_additive_head_and_has_retained_data_guard():
        config=Config(str(ROOT/"backend"/"migrations"/"alembic.ini"))
        script=ScriptDirectory.from_config(config)
>       assert script.get_heads()==["20260916_fwd01_notifications"]
E       AssertionError: assert ['20260916_fw...sport_intent'] == ['20260916_fw...otifications']
E
E         At index 0 diff: '20260916_fwd03_transport_intent' != '20260916_fwd01_notifications'
E         Use -v to get more diff

backend\tests\test_global_logistics_point_adoption_migration.py:11: AssertionError
___________ test_materialization_is_sole_additive_head_and_bounded ____________

    def test_materialization_is_sole_additive_head_and_bounded():
        script=ScriptDirectory.from_config(Config(str(ROOT/"backend"/"migrations"/"alembic.ini")))
>       assert script.get_heads()==["20260916_fwd01_notifications"]
E       AssertionError: assert ['20260916_fw...sport_intent'] == ['20260916_fw...otifications']
E
E         At index 0 diff: '20260916_fwd03_transport_intent' != '20260916_fwd01_notifications'
E         Use -v to get more diff

backend\tests\test_global_logistics_point_materialization_migration.py:10: AssertionError
______ test_selector_and_canonical_request_persistence_for_turkmenistan _______

app = <Flask 'backend'>

    def test_selector_and_canonical_request_persistence_for_turkmenistan(app):
        _iran_id, tm_id = _seed(app)
        client = app.test_client()
        countries = client.get("/api/countries").get_json()
        assert {row["code"] for row in countries}.issuperset({"IR", "TM"})
        locations = client.get(f"/api/international-cities?country_id={tm_id}").get_json()
        ashkhabad = next(row for row in locations if row["name_en"] == "Ashkhabad")
        response = client.post("/api/shipment-request", json={
            "shipping_type": "international", "contact_phone": "09123456789",
            "origin_country_id": tm_id, "origin_international_city_id": ashkhabad["id"],
            "dest_country_id": tm_id, "dest_international_city_id": ashkhabad["id"],
        })
>       assert response.status_code == 201, response.get_json()
E       AssertionError: {'error': {'code': 'CARGO_DESCRIPTION_REQUIRED', 'message': '\u0634\u0631\u062d \u06a9\u0627\u0644\u0627 \u0631\u0627 \u0648\u0627\u0631\u062f \u06a9\u0646\u06cc\u062f.'}, 'field_errors': {'cargo_description': {'code': 'CARGO_DESCRIPTION_REQUIRED', 'message': '\u0634\u0631\u062d \u06a9\u0627\u0644\u0627 \u0631\u0627 \u0648\u0627\u0631\u062f \u06a9\u0646\u06cc\u062f.'}}, 'message': '\u0634\u0631\u062d \u06a9\u0627\u0644\u0627 \u0631\u0627 \u0648\u0627\u0631\u062f \u06a9\u0646\u06cc\u062f.'}
E       assert 400 == 201
E        +  where 400 = <WrapperTestResponse streamed [400 BAD REQUEST]>.status_code

backend\tests\test_governed_international_geography.py:95: AssertionError
---------------------------- Captured stdout setup ----------------------------
[startup] CORS configured.
CORS Configuration:
   Environment: testing
   Total Origins: 246
   Canonical Origin Present: False
   Allow All Enabled: False
   Supports Credentials: True
   Max Age: 3600 seconds
   Sample Origins:
      - http://127.0.0.1:3000
      - http://127.0.0.1:5173
      - http://127.0.0.1:8080
      - http://127.0.0.1:8081
      - http://127.0.0.1:8082
      ... and 241 more

[startup] Routes registered.
---------------------------- Captured stdout call -----------------------------
International reference reconciliation complete: 12 countries and 60 cities created.
____________ test_iran_is_consumable_in_both_public_selector_flows ____________

app = <Flask 'backend'>

    def test_iran_is_consumable_in_both_public_selector_flows(app):
        iran_id, _tm_id = _seed(app)
        client = app.test_client()
        countries = client.get("/api/countries").get_json()
        assert next(row for row in countries if row["code"] == "IR")["id"] == iran_id
        locations = client.get(f"/api/international-cities?country_id={iran_id}").get_json()
        assert {row["name_en"] for row in locations} == {
            "Tehran", "Imam Khomeini International Apt/Tehran", "Bandar Abbas"
        }
        tehran = next(row for row in locations if row["name_en"] == "Tehran")
        response = client.post("/api/shipment-request", json={
            "shipping_type": "international", "contact_phone": "09123456789",
            "origin_country_id": iran_id, "origin_international_city_id": tehran["id"],
            "dest_country_id": iran_id, "dest_international_city_id": tehran["id"],
        })
>       assert response.status_code == 201, response.get_json()
E       AssertionError: {'error': {'code': 'CARGO_DESCRIPTION_REQUIRED', 'message': '\u0634\u0631\u062d \u06a9\u0627\u0644\u0627 \u0631\u0627 \u0648\u0627\u0631\u062f \u06a9\u0646\u06cc\u062f.'}, 'field_errors': {'cargo_description': {'code': 'CARGO_DESCRIPTION_REQUIRED', 'message': '\u0634\u0631\u062d \u06a9\u0627\u0644\u0627 \u0631\u0627 \u0648\u0627\u0631\u062f \u06a9\u0646\u06cc\u062f.'}}, 'message': '\u0634\u0631\u062d \u06a9\u0627\u0644\u0627 \u0631\u0627 \u0648\u0627\u0631\u062f \u06a9\u0646\u06cc\u062f.'}
E       assert 400 == 201
E        +  where 400 = <WrapperTestResponse streamed [400 BAD REQUEST]>.status_code

backend\tests\test_governed_international_geography.py:117: AssertionError
---------------------------- Captured stdout setup ----------------------------
[startup] CORS configured.
CORS Configuration:
   Environment: testing
   Total Origins: 246
   Canonical Origin Present: False
   Allow All Enabled: False
   Supports Credentials: True
   Max Age: 3600 seconds
   Sample Origins:
      - http://127.0.0.1:3000
      - http://127.0.0.1:5173
      - http://127.0.0.1:8080
      - http://127.0.0.1:8081
      - http://127.0.0.1:8082
      ... and 241 more

[startup] Routes registered.
---------------------------- Captured stdout call -----------------------------
International reference reconciliation complete: 12 countries and 60 cities created.
______________ test_city_destination_persists_structured_fields _______________

app = <Flask 'backend'>, client = <FlaskClient <Flask 'backend'>>

    def test_city_destination_persists_structured_fields(app, client):
        with app.app_context():
            province, county, city, _port, _customs = _geography()
            province_id, city_id = province.id, city.id

        response = client.post("/api/shipment-request", json=_base_payload(
            iran_dest_type="city",
            iran_dest_city_id=city_id,
            iran_entry_province_id=province_id,
        ))
>       assert response.status_code == 201
E       assert 400 == 201
E        +  where 400 = <WrapperTestResponse streamed [400 BAD REQUEST]>.status_code

backend\tests\test_iran_destination_point.py:141: AssertionError
---------------------------- Captured stdout setup ----------------------------
[startup] CORS configured.
CORS Configuration:
   Environment: testing
   Total Origins: 246
   Canonical Origin Present: False
   Allow All Enabled: False
   Supports Credentials: True
   Max Age: 3600 seconds
   Sample Origins:
      - http://127.0.0.1:3000
      - http://127.0.0.1:5173
      - http://127.0.0.1:8080
      - http://127.0.0.1:8081
      - http://127.0.0.1:8082
      ... and 241 more

[startup] Routes registered.
_____________ test_customs_destination_persists_structured_fields _____________

app = <Flask 'backend'>, client = <FlaskClient <Flask 'backend'>>

    def test_customs_destination_persists_structured_fields(app, client):
        with app.app_context():
            province, _county, _city, _port, customs = _geography()
            province_id, customs_id = province.id, customs.id

        response = client.post("/api/shipment-request", json=_base_payload(
            iran_dest_type="customs",
            iran_dest_customs_office_id=customs_id,
            iran_entry_province_id=province_id,
        ))
>       assert response.status_code == 201
E       assert 400 == 201
E        +  where 400 = <WrapperTestResponse streamed [400 BAD REQUEST]>.status_code

backend\tests\test_iran_destination_point.py:159: AssertionError
---------------------------- Captured stdout setup ----------------------------
[startup] CORS configured.
CORS Configuration:
   Environment: testing
   Total Origins: 246
   Canonical Origin Present: False
   Allow All Enabled: False
   Supports Credentials: True
   Max Age: 3600 seconds
   Sample Origins:
      - http://127.0.0.1:3000
      - http://127.0.0.1:5173
      - http://127.0.0.1:8080
      - http://127.0.0.1:8081
      - http://127.0.0.1:8082
      ... and 241 more

[startup] Routes registered.
______________ test_port_destination_persists_structured_fields _______________

app = <Flask 'backend'>, client = <FlaskClient <Flask 'backend'>>

    def test_port_destination_persists_structured_fields(app, client):
        with app.app_context():
            province, _county, _city, port, _customs = _geography()
            province_id, port_id = province.id, port.id

        response = client.post("/api/shipment-request", json=_base_payload(
            iran_dest_type="port",
            iran_entry_port_id=port_id,
            iran_entry_province_id=province_id,
        ))
>       assert response.status_code == 201
E       assert 400 == 201
E        +  where 400 = <WrapperTestResponse streamed [400 BAD REQUEST]>.status_code

backend\tests\test_iran_destination_point.py:176: AssertionError
---------------------------- Captured stdout setup ----------------------------
[startup] CORS configured.
CORS Configuration:
   Environment: testing
   Total Origins: 246
   Canonical Origin Present: False
   Allow All Enabled: False
   Supports Credentials: True
   Max Age: 3600 seconds
   Sample Origins:
      - http://127.0.0.1:3000
      - http://127.0.0.1:5173
      - http://127.0.0.1:8080
      - http://127.0.0.1:8081
      - http://127.0.0.1:8082
      ... and 241 more

[startup] Routes registered.
_________ test_legacy_international_without_dest_type_still_succeeds __________

app = <Flask 'backend'>, client = <FlaskClient <Flask 'backend'>>

    def test_legacy_international_without_dest_type_still_succeeds(app, client):
        """Payloads that never declare iran_dest_type keep working unchanged."""
        with app.app_context():
            _geography()

        response = client.post("/api/shipment-request", json=_base_payload())
>       assert response.status_code == 201
E       assert 400 == 201
E        +  where 400 = <WrapperTestResponse streamed [400 BAD REQUEST]>.status_code

backend\tests\test_iran_destination_point.py:236: AssertionError
---------------------------- Captured stdout setup ----------------------------
[startup] CORS configured.
CORS Configuration:
   Environment: testing
   Total Origins: 246
   Canonical Origin Present: False
   Allow All Enabled: False
   Supports Credentials: True
   Max Age: 3600 seconds
   Sample Origins:
      - http://127.0.0.1:3000
      - http://127.0.0.1:5173
      - http://127.0.0.1:8080
      - http://127.0.0.1:8081
      - http://127.0.0.1:8082
      ... and 241 more

[startup] Routes registered.
__________ test_optional_iran_destination_can_be_omitted_completely ___________

app = <Flask 'backend'>, client = <FlaskClient <Flask 'backend'>>

    def test_optional_iran_destination_can_be_omitted_completely(app, client):
        """Stage 3 is optional and must not cause a 400 when it is untouched."""
        with app.app_context():
            _geography()

        response = client.post("/api/shipment-request", json=_base_payload())

>       assert response.status_code == 201
E       assert 400 == 201
E        +  where 400 = <WrapperTestResponse streamed [400 BAD REQUEST]>.status_code

backend\tests\test_iran_destination_point.py:249: AssertionError
---------------------------- Captured stdout setup ----------------------------
[startup] CORS configured.
CORS Configuration:
   Environment: testing
   Total Origins: 246
   Canonical Origin Present: False
   Allow All Enabled: False
   Supports Credentials: True
   Max Age: 3600 seconds
   Sample Origins:
      - http://127.0.0.1:3000
      - http://127.0.0.1:5173
      - http://127.0.0.1:8080
      - http://127.0.0.1:8081
      - http://127.0.0.1:8082
      ... and 241 more

[startup] Routes registered.
___ test_iran_without_generic_city_or_precise_destination_is_accepted[None] ___

app = <Flask 'backend'>, client = <FlaskClient <Flask 'backend'>>
city_value = None

    @pytest.mark.parametrize("city_value", [None, ""])
    def test_iran_without_generic_city_or_precise_destination_is_accepted(app, client, city_value):
        with app.app_context():
            _geography()

        payload = _base_payload()
        payload["dest_city_international"] = city_value
        response = client.post("/api/shipment-request", json=payload)

>       assert response.status_code == 201
E       assert 400 == 201
E        +  where 400 = <WrapperTestResponse streamed [400 BAD REQUEST]>.status_code

backend\tests\test_iran_destination_point.py:268: AssertionError
---------------------------- Captured stdout setup ----------------------------
[startup] CORS configured.
CORS Configuration:
   Environment: testing
   Total Origins: 246
   Canonical Origin Present: False
   Allow All Enabled: False
   Supports Credentials: True
   Max Age: 3600 seconds
   Sample Origins:
      - http://127.0.0.1:3000
      - http://127.0.0.1:5173
      - http://127.0.0.1:8080
      - http://127.0.0.1:8081
      - http://127.0.0.1:8082
      ... and 241 more

[startup] Routes registered.
_____ test_iran_without_generic_city_or_precise_destination_is_accepted[] _____

app = <Flask 'backend'>, client = <FlaskClient <Flask 'backend'>>
city_value = ''

    @pytest.mark.parametrize("city_value", [None, ""])
    def test_iran_without_generic_city_or_precise_destination_is_accepted(app, client, city_value):
        with app.app_context():
            _geography()

        payload = _base_payload()
        payload["dest_city_international"] = city_value
        response = client.post("/api/shipment-request", json=payload)

>       assert response.status_code == 201
E       assert 400 == 201
E        +  where 400 = <WrapperTestResponse streamed [400 BAD REQUEST]>.status_code

backend\tests\test_iran_destination_point.py:268: AssertionError
---------------------------- Captured stdout setup ----------------------------
[startup] CORS configured.
CORS Configuration:
   Environment: testing
   Total Origins: 246
   Canonical Origin Present: False
   Allow All Enabled: False
   Supports Credentials: True
   Max Age: 3600 seconds
   Sample Origins:
      - http://127.0.0.1:3000
      - http://127.0.0.1:5173
      - http://127.0.0.1:8080
      - http://127.0.0.1:8081
      - http://127.0.0.1:8082
      ... and 241 more

[startup] Routes registered.
_ test_destination_mode_discards_stale_ids[port-iran_entry_port_id-stale_fields0] _

app = <Flask 'backend'>, client = <FlaskClient <Flask 'backend'>>
dest_type = 'port', selected_field = 'iran_entry_port_id'
stale_fields = ('iran_dest_customs_office_id', 'iran_dest_city_id')

    @pytest.mark.parametrize(
        ("dest_type", "selected_field", "stale_fields"),
        [
            ("port", "iran_entry_port_id", ("iran_dest_customs_office_id", "iran_dest_city_id")),
            ("customs", "iran_dest_customs_office_id", ("iran_entry_port_id", "iran_dest_city_id")),
            ("city", "iran_dest_city_id", ("iran_entry_port_id", "iran_dest_customs_office_id")),
        ],
    )
    def test_destination_mode_discards_stale_ids(app, client, dest_type, selected_field, stale_fields):
        with app.app_context():
            province, _county, city, port, customs = _geography()
            ids = {
                "iran_entry_port_id": port.id,
                "iran_dest_customs_office_id": customs.id,
                "iran_dest_city_id": city.id,
            }
            payload = _base_payload(
                iran_dest_type=dest_type,
                iran_entry_province_id=province.id,
                **ids,
            )

        response = client.post("/api/shipment-request", json=payload)

>       assert response.status_code == 201
E       assert 400 == 201
E        +  where 400 = <WrapperTestResponse streamed [400 BAD REQUEST]>.status_code

backend\tests\test_iran_destination_point.py:312: AssertionError
---------------------------- Captured stdout setup ----------------------------
[startup] CORS configured.
CORS Configuration:
   Environment: testing
   Total Origins: 246
   Canonical Origin Present: False
   Allow All Enabled: False
   Supports Credentials: True
   Max Age: 3600 seconds
   Sample Origins:
      - http://127.0.0.1:3000
      - http://127.0.0.1:5173
      - http://127.0.0.1:8080
      - http://127.0.0.1:8081
      - http://127.0.0.1:8082
      ... and 241 more

[startup] Routes registered.
_ test_destination_mode_discards_stale_ids[customs-iran_dest_customs_office_id-stale_fields1] _

app = <Flask 'backend'>, client = <FlaskClient <Flask 'backend'>>
dest_type = 'customs', selected_field = 'iran_dest_customs_office_id'
stale_fields = ('iran_entry_port_id', 'iran_dest_city_id')

    @pytest.mark.parametrize(
        ("dest_type", "selected_field", "stale_fields"),
        [
            ("port", "iran_entry_port_id", ("iran_dest_customs_office_id", "iran_dest_city_id")),
            ("customs", "iran_dest_customs_office_id", ("iran_entry_port_id", "iran_dest_city_id")),
            ("city", "iran_dest_city_id", ("iran_entry_port_id", "iran_dest_customs_office_id")),
        ],
    )
    def test_destination_mode_discards_stale_ids(app, client, dest_type, selected_field, stale_fields):
        with app.app_context():
            province, _county, city, port, customs = _geography()
            ids = {
                "iran_entry_port_id": port.id,
                "iran_dest_customs_office_id": customs.id,
                "iran_dest_city_id": city.id,
            }
            payload = _base_payload(
                iran_dest_type=dest_type,
                iran_entry_province_id=province.id,
                **ids,
            )

        response = client.post("/api/shipment-request", json=payload)

>       assert response.status_code == 201
E       assert 400 == 201
E        +  where 400 = <WrapperTestResponse streamed [400 BAD REQUEST]>.status_code

backend\tests\test_iran_destination_point.py:312: AssertionError
---------------------------- Captured stdout setup ----------------------------
[startup] CORS configured.
CORS Configuration:
   Environment: testing
   Total Origins: 246
   Canonical Origin Present: False
   Allow All Enabled: False
   Supports Credentials: True
   Max Age: 3600 seconds
   Sample Origins:
      - http://127.0.0.1:3000
      - http://127.0.0.1:5173
      - http://127.0.0.1:8080
      - http://127.0.0.1:8081
      - http://127.0.0.1:8082
      ... and 241 more

[startup] Routes registered.
_ test_destination_mode_discards_stale_ids[city-iran_dest_city_id-stale_fields2] _

app = <Flask 'backend'>, client = <FlaskClient <Flask 'backend'>>
dest_type = 'city', selected_field = 'iran_dest_city_id'
stale_fields = ('iran_entry_port_id', 'iran_dest_customs_office_id')

    @pytest.mark.parametrize(
        ("dest_type", "selected_field", "stale_fields"),
        [
            ("port", "iran_entry_port_id", ("iran_dest_customs_office_id", "iran_dest_city_id")),
            ("customs", "iran_dest_customs_office_id", ("iran_entry_port_id", "iran_dest_city_id")),
            ("city", "iran_dest_city_id", ("iran_entry_port_id", "iran_dest_customs_office_id")),
        ],
    )
    def test_destination_mode_discards_stale_ids(app, client, dest_type, selected_field, stale_fields):
        with app.app_context():
            province, _county, city, port, customs = _geography()
            ids = {
                "iran_entry_port_id": port.id,
                "iran_dest_customs_office_id": customs.id,
                "iran_dest_city_id": city.id,
            }
            payload = _base_payload(
                iran_dest_type=dest_type,
                iran_entry_province_id=province.id,
                **ids,
            )

        response = client.post("/api/shipment-request", json=payload)

>       assert response.status_code == 201
E       assert 400 == 201
E        +  where 400 = <WrapperTestResponse streamed [400 BAD REQUEST]>.status_code

backend\tests\test_iran_destination_point.py:312: AssertionError
---------------------------- Captured stdout setup ----------------------------
[startup] CORS configured.
CORS Configuration:
   Environment: testing
   Total Origins: 246
   Canonical Origin Present: False
   Allow All Enabled: False
   Supports Credentials: True
   Max Age: 3600 seconds
   Sample Origins:
      - http://127.0.0.1:3000
      - http://127.0.0.1:5173
      - http://127.0.0.1:8080
      - http://127.0.0.1:8081
      - http://127.0.0.1:8082
      ... and 241 more

[startup] Routes registered.
_________________ test_logistics_migration_is_the_single_head _________________

    def test_logistics_migration_is_the_single_head():
        root = Path(__file__).resolve().parents[1]
        config = Config(str(root / "migrations" / "alembic.ini"))
        config.set_main_option("script_location", str(root / "migrations"))
        script = ScriptDirectory.from_config(config)
>       assert script.get_heads() == ["20260916_fwd01_notifications"]
E       AssertionError: assert ['20260916_fw...sport_intent'] == ['20260916_fw...otifications']
E
E         At index 0 diff: '20260916_fwd03_transport_intent' != '20260916_fwd01_notifications'
E         Use -v to get more diff

backend\tests\test_logistics_network.py:359: AssertionError
__________________ test_master_data_is_single_additive_head ___________________

    def test_master_data_is_single_additive_head():
        root = Path(__file__).resolve().parents[1]
        config = Config(str(root / "migrations" / "alembic.ini"))
        config.set_main_option("script_location", str(root / "migrations"))
        script = ScriptDirectory.from_config(config)
>       assert script.get_heads() == ["20260916_fwd01_notifications"]
E       AssertionError: assert ['20260916_fw...sport_intent'] == ['20260916_fw...otifications']
E
E         At index 0 diff: '20260916_fwd03_transport_intent' != '20260916_fwd01_notifications'
E         Use -v to get more diff

backend\tests\test_master_data_migration.py:12: AssertionError
_____________ test_verification_separation_and_one_migration_head _____________

execution_app = <Flask 'backend'>

    def test_verification_separation_and_one_migration_head(execution_app):
        with execution_app.app_context():
            shipment = OperationalShipment.query.one()
            rows, _ = svc.initialize(
                shipment.public_id, {"expected_shipment_version": 1}, actor(execution_app)
            )
            event = MilestoneEvent.query.filter_by(
                milestone_id=rows[0].id, event_type="INITIALIZED"
            ).one()
            with pytest.raises(svc.OperationalError) as self_verify:
                svc.verify_event(
                    shipment.public_id, event.public_id, {}, actor(execution_app)
                )
            assert self_verify.value.code == "SELF_VERIFICATION_FORBIDDEN"
            svc.verify_event(
                shipment.public_id, event.public_id, {}, actor(execution_app, "verifier")
            )
            assert (
                event.verification_state == "verified"
                and MilestoneEvent.query.filter_by(event_type="VERIFIED").count() == 1
            )
        config = Config("backend/migrations/alembic.ini")
>       assert ScriptDirectory.from_config(config).get_heads() == [
            "20260916_fwd01_notifications"
        ]
E       AssertionError: assert ['20260916_fw...sport_intent'] == ['20260916_fw...otifications']
E
E         At index 0 diff: '20260916_fwd03_transport_intent' != '20260916_fwd01_notifications'
E         Use -v to get more diff

backend\tests\test_operational_execution_190.py:343: AssertionError
---------------------------- Captured stdout setup ----------------------------
[startup] CORS configured.
CORS Configuration:
   Environment: testing
   Total Origins: 246
   Canonical Origin Present: False
   Allow All Enabled: False
   Supports Credentials: True
   Max Age: 3600 seconds
   Sample Origins:
      - http://127.0.0.1:3000
      - http://127.0.0.1:5173
      - http://127.0.0.1:8080
      - http://127.0.0.1:8081
      - http://127.0.0.1:8082
      ... and 241 more

[startup] Routes registered.
____________ test_project_foundation_migration_is_the_single_head _____________

    def test_project_foundation_migration_is_the_single_head():
        root = Path(__file__).resolve().parents[1]
        config = Config(str(root / "migrations" / "alembic.ini"))
        config.set_main_option("script_location", str(root / "migrations"))
        script = ScriptDirectory.from_config(config)
>       assert script.get_heads() == ["20260916_fwd01_notifications"]
E       AssertionError: assert ['20260916_fw...sport_intent'] == ['20260916_fw...otifications']
E
E         At index 0 diff: '20260916_fwd03_transport_intent' != '20260916_fwd01_notifications'
E         Use -v to get more diff

backend\tests\test_project_aggregate_foundation.py:122: AssertionError
____________________ test_identity_catalog_and_single_head ____________________

configured_app = (<Flask 'backend'>, {'project': '1e3b0b35-5a5d-4465-aec1-52fe66ee0337', 'service': 'fa3c0d48-7a49-4b67-a484-5949d476a61f', 'document': '844ab241-55c8-4cc0-bf38-948c0b3bbf27', 'milestone': '4faa3018-7e88-42e8-ac81-52443b808894', ...})

    def test_identity_catalog_and_single_head(configured_app):
        app, ctx = configured_app
        with app.app_context():
            assert len(DocumentDefinition.query.one().public_id) == 36
            payload = load_catalog()
            assert len(payload["milestone_types"]) == 13
            assert plan_catalog(payload, "test")["created_count"] == 12
        root = Path(__file__).resolve().parents[1]
        config = Config(str(root / "migrations" / "alembic.ini"))
        config.set_main_option("script_location", str(root / "migrations"))
>       assert ScriptDirectory.from_config(config).get_heads() == [
            "20260916_fwd01_notifications"
        ]
E       AssertionError: assert ['20260916_fw...sport_intent'] == ['20260916_fw...otifications']
E
E         At index 0 diff: '20260916_fwd03_transport_intent' != '20260916_fwd01_notifications'
E         Use -v to get more diff

backend\tests\test_project_configuration.py:137: AssertionError
---------------------------- Captured stdout setup ----------------------------
[startup] CORS configured.
CORS Configuration:
   Environment: testing
   Total Origins: 246
   Canonical Origin Present: False
   Allow All Enabled: False
   Supports Credentials: True
   Max Age: 3600 seconds
   Sample Origins:
      - http://127.0.0.1:3000
      - http://127.0.0.1:5173
      - http://127.0.0.1:8080
      - http://127.0.0.1:8081
      - http://127.0.0.1:8082
      ... and 241 more

[startup] Routes registered.
____________ test_reference_data_seed_run_is_single_additive_head _____________

    def test_reference_data_seed_run_is_single_additive_head():
        root = Path(__file__).resolve().parents[1]
        config = Config(str(root / "migrations" / "alembic.ini"))
        config.set_main_option("script_location", str(root / "migrations"))
        script = ScriptDirectory.from_config(config)
>       assert script.get_heads() == ["20260916_fwd01_notifications"]
E       AssertionError: assert ['20260916_fw...sport_intent'] == ['20260916_fw...otifications']
E
E         At index 0 diff: '20260916_fwd03_transport_intent' != '20260916_fwd01_notifications'
E         Use -v to get more diff

backend\tests\test_reference_data_seed_migration.py:12: AssertionError
________________ test_repository_has_one_expected_alembic_head ________________

    def test_repository_has_one_expected_alembic_head():
        script = ScriptDirectory.from_config(
            Config(str(ROOT / "backend/migrations/alembic.ini"))
        )
>       assert script.get_heads() == ["20260916_fwd01_notifications"]
E       AssertionError: assert ['20260916_fw...sport_intent'] == ['20260916_fw...otifications']
E
E         At index 0 diff: '20260916_fwd03_transport_intent' != '20260916_fwd01_notifications'
E         Use -v to get more diff

backend\tests\test_release_publication_contract.py:81: AssertionError
____________ test_trigger_repair_remains_in_the_single_head_chain _____________

    def test_trigger_repair_remains_in_the_single_head_chain():
        config = Config(str(ROOT / "backend" / "migrations" / "alembic.ini"))
        config.set_main_option("script_location", str(ROOT / "backend" / "migrations"))
        script = ScriptDirectory.from_config(config)
>       assert script.get_heads() == ["20260916_fwd01_notifications"]
E       AssertionError: assert ['20260916_fw...sport_intent'] == ['20260916_fw...otifications']
E
E         At index 0 diff: '20260916_fwd03_transport_intent' != '20260916_fwd01_notifications'
E         Use -v to get more diff

backend\tests\test_shipment_request_update_trigger_migration.py:22: AssertionError
_ test_request_round_trip_uses_ids_derives_iran_province_and_keeps_legacy_reads _

app = <Flask 'backend'>

    def test_request_round_trip_uses_ids_derives_iran_province_and_keeps_legacy_reads(app):
        response = app.test_client().post("/api/shipment-request", json=_payload(app))
>       assert response.status_code == 201
E       assert 400 == 201
E        +  where 400 = <WrapperTestResponse streamed [400 BAD REQUEST]>.status_code

backend\tests\test_v191_location_resolver.py:216: AssertionError
---------------------------- Captured stdout setup ----------------------------
[startup] CORS configured.
CORS Configuration:
   Environment: testing
   Total Origins: 246
   Canonical Origin Present: False
   Allow All Enabled: False
   Supports Credentials: True
   Max Age: 3600 seconds
   Sample Origins:
      - http://127.0.0.1:3000
      - http://127.0.0.1:5173
      - http://127.0.0.1:8080
      - http://127.0.0.1:8081
      - http://127.0.0.1:8082
      ... and 241 more

[startup] Routes registered.
________ test_iran_origin_requires_province_and_rejects_lower_mismatch ________

app = <Flask 'backend'>

    def test_iran_origin_requires_province_and_rejects_lower_mismatch(app):
        ids = app.config["geo"]
        base = _payload(app, origin_country_id=ids["IR"], origin_international_city_id=None)
        missing = app.test_client().post("/api/shipment-request", json=base)
        assert (
            missing.status_code == 400
            and missing.json["error"]["code"] == "LOCATION_MAPPING_REQUIRED"
        )
        valid = app.test_client().post(
            "/api/shipment-request",
            json={
                **base,
                "origin_province_id": ids["province"],
                "origin_location": {"type": "city", "id": ids["city"]},
            },
        )
>       assert valid.status_code == 201
E       assert 400 == 201
E        +  where 400 = <WrapperTestResponse streamed [400 BAD REQUEST]>.status_code

backend\tests\test_v191_location_resolver.py:288: AssertionError
---------------------------- Captured stdout setup ----------------------------
[startup] CORS configured.
CORS Configuration:
   Environment: testing
   Total Origins: 246
   Canonical Origin Present: False
   Allow All Enabled: False
   Supports Credentials: True
   Max Age: 3600 seconds
   Sample Origins:
      - http://127.0.0.1:3000
      - http://127.0.0.1:5173
      - http://127.0.0.1:8080
      - http://127.0.0.1:8081
      - http://127.0.0.1:8082
      ... and 241 more

[startup] Routes registered.
=========================== short test summary info ===========================
FAILED backend/tests/test_admin_multitenant_adversarial.py::test_operational_reads_and_dashboard_are_tenant_scoped
FAILED backend/tests/test_admin_panel_read_contract.py::test_admin_shipment_request_detail_and_list_contract
FAILED backend/tests/test_alembic_version_table.py::test_historical_long_revision_ids_are_detected_and_graph_has_one_feature_head
FAILED backend/tests/test_case_documents_migration.py::test_case_document_migration_is_single_head
FAILED backend/tests/test_execution_units.py::test_execution_unit_migration_is_single_head
FAILED backend/tests/test_expert_assignment_referral_contract.py::test_expert_request_read_contracts_and_access_errors
FAILED backend/tests/test_expert_sla_migration.py::test_expert_sla_upgrade_constraints_and_downgrade
FAILED backend/tests/test_fwd02_geography.py::test_countries_locations_roundtrip_country_fence_and_read_old_select_new
FAILED backend/tests/test_global_logistics_point_adoption_migration.py::test_adoption_is_sole_additive_head_and_has_retained_data_guard
FAILED backend/tests/test_global_logistics_point_materialization_migration.py::test_materialization_is_sole_additive_head_and_bounded
FAILED backend/tests/test_governed_international_geography.py::test_selector_and_canonical_request_persistence_for_turkmenistan
FAILED backend/tests/test_governed_international_geography.py::test_iran_is_consumable_in_both_public_selector_flows
FAILED backend/tests/test_iran_destination_point.py::test_city_destination_persists_structured_fields
FAILED backend/tests/test_iran_destination_point.py::test_customs_destination_persists_structured_fields
FAILED backend/tests/test_iran_destination_point.py::test_port_destination_persists_structured_fields
FAILED backend/tests/test_iran_destination_point.py::test_legacy_international_without_dest_type_still_succeeds
FAILED backend/tests/test_iran_destination_point.py::test_optional_iran_destination_can_be_omitted_completely
FAILED backend/tests/test_iran_destination_point.py::test_iran_without_generic_city_or_precise_destination_is_accepted[None]
FAILED backend/tests/test_iran_destination_point.py::test_iran_without_generic_city_or_precise_destination_is_accepted[]
FAILED backend/tests/test_iran_destination_point.py::test_destination_mode_discards_stale_ids[port-iran_entry_port_id-stale_fields0]
FAILED backend/tests/test_iran_destination_point.py::test_destination_mode_discards_stale_ids[customs-iran_dest_customs_office_id-stale_fields1]
FAILED backend/tests/test_iran_destination_point.py::test_destination_mode_discards_stale_ids[city-iran_dest_city_id-stale_fields2]
FAILED backend/tests/test_logistics_network.py::test_logistics_migration_is_the_single_head
FAILED backend/tests/test_master_data_migration.py::test_master_data_is_single_additive_head
FAILED backend/tests/test_operational_execution_190.py::test_verification_separation_and_one_migration_head
FAILED backend/tests/test_project_aggregate_foundation.py::test_project_foundation_migration_is_the_single_head
FAILED backend/tests/test_project_configuration.py::test_identity_catalog_and_single_head
FAILED backend/tests/test_reference_data_seed_migration.py::test_reference_data_seed_run_is_single_additive_head
FAILED backend/tests/test_release_publication_contract.py::test_repository_has_one_expected_alembic_head
FAILED backend/tests/test_shipment_request_update_trigger_migration.py::test_trigger_repair_remains_in_the_single_head_chain
FAILED backend/tests/test_v191_location_resolver.py::test_request_round_trip_uses_ids_derives_iran_province_and_keeps_legacy_reads
FAILED backend/tests/test_v191_location_resolver.py::test_iran_origin_requires_province_and_rejects_lower_mismatch
32 failed, 869 passed, 136 skipped, 1 xfailed, 241123 warnings in 574.39s (0:09:34)
