
> vite_react_shadcn_ts@1.10.0 test:frontend
> vitest run


 RUN  v4.1.10 D:/1-webapp/forwarder-dev/phase3-p3-13-owner-transfer

stdout | src/tests/components/ShipmentOwnerTransfer.test.tsx
✅ Environment variables validated successfully
🔗 API (dev): relative /api via Vite proxy

 ❯ src/tests/components/ShipmentOwnerTransfer.test.tsx (6 tests | 1 failed) 2797ms
     × keeps the idempotency key after an uncertain response and requires review again 1354ms
stdout | src/tests/pages/NewOperation.test.tsx
✅ Environment variables validated successfully
🔗 API (dev): relative /api via Vite proxy

 ❯ src/tests/pages/NewOperation.test.tsx (20 tests | 1 failed) 16713ms
     × defaults domestic routes to a facility and clears hidden location state when switching modes 1389ms
stdout | src/tests/pages/OperationalPages.test.tsx
✅ Environment variables validated successfully
🔗 API (dev): relative /api via Vite proxy

 ❯ src/tests/pages/OperationalPages.test.tsx (3 tests | 1 failed) 392ms
     × renders loading then list data and filters 223ms

⎯⎯⎯⎯⎯⎯⎯ Failed Tests 3 ⎯⎯⎯⎯⎯⎯⎯

 FAIL  src/tests/components/ShipmentOwnerTransfer.test.tsx > exceptional owner transfer > keeps the idempotency key after an uncertain response and requires review again
Error: expect(element).toBeEnabled()

Received element is not enabled:
  <button
  class="inline-flex items-center justify-center gap-2 whitespace-nowrap rounded-md font-medium ring-offset-background transition-all duration-200 focus-visible:outline-none focus-visible:ring-2 focus-visible:ring-ring focus-visible:ring-offset-2 disabled:pointer-events-none disabled:opacity-50 [&_svg]:pointer-events-none [&_svg]:size-4 [&_svg]:shrink-0 bg-primary text-primary-foreground hover:bg-primary-dark shadow-sm hover:shadow-md h-10 px-4 py-2 text-sm"
  disabled=""
/>

Ignored nodes: comments, script, style
<html>
  <head />
  <body>
    <div>
      <section
        aria-label="مسئول و سابقه انتقال"
        class="space-y-4 rounded-2xl border bg-white p-4 sm:p-5"
      >
        <div
          class="flex flex-wrap items-center justify-between gap-3"
        >
          <h2
            class="text-xl font-bold"
          >
            مسئول و سابقه انتقال
          </h2>
          <button
            class="inline-flex items-center justify-center gap-2 whitespace-nowrap rounded-md font-medium ring-offset-background transition-all duration-200 focus-visible:outline-none focus-visible:ring-2 focus-visible:ring-ring focus-visible:ring-offset-2 disabled:pointer-events-none disabled:opacity-50 [&_svg]:pointer-events-none [&_svg]:size-4 [&_svg]:shrink-0 border border-input bg-background hover:bg-accent hover:text-accent-foreground shadow-sm hover:shadow-md h-10 px-4 py-2 text-sm"
          >
            بررسی دوباره مسئول
          </button>
        </div>
        <p
          class="text-red-700"
          role="alert"
        >
          انتقال ثبت نشد؛ مجوز مدیر، کارشناس انتخاب‌شده و وضعیت پرونده را بررسی کنید.
        </p>
        <p>
          مسئول فعلی پرونده: 
          <strong>
            Current owner
          </strong>
        </p>
        <p
          class="text-sm text-slate-600"
        >
          مسئول اولیه در سابقه: 
          Initial owner
           · زمان آغاز مسئولیت ثبت نشده است.
        </p>
        <div
          class="space-y-3 rounded-xl border p-4"
        >
          <p>
            انتقال استثنایی با دلیل مدیر انجام می‌شود. مسئول درخواست، پیشنهاد قیمت و کارهای ثبت‌شده تغییر نمی‌کند.
          </p>
          <p
            class="rounded-xl bg-amber-50 p-3"
          >
            کارهای بازِ مسئول فعلی در این پرونده: 
            3
            . این کارها با انتقال پرونده واگذار نمی‌شوند.
          </p>
          <form
            class="flex flex-wrap items-end gap-2"
          >
            <label
              class="min-w-0 flex-1"
            >
              جست‌وجوی کارشناس
              <input
                class="mt-1 min-h-11 w-full rounded-lg border p-2"
                maxlength="100"
                value=""
              />
            </label>
            <button
              class="inline-flex items-center justify-center gap-2 whitespace-nowrap rounded-md font-medium ring-offset-background transition-all duration-200 focus-visible:outline-none focus-visible:ring-2 focus-visible:ring-ring focus-visible:ring-offset-2 disabled:pointer-events-none disabled:opacity-50 [&_svg]:pointer-events-none [&_svg]:size-4 [&_svg]:shrink-0 border border-input bg-background hover:bg-accent hover:text-accent-foreground shadow-sm hover:shadow-md h-10 px-4 py-2 text-sm"
              type="submit"
            >
              جست‌وجو
            </button>
          </form>
          <label
            class="block"
          >
            کارشناس مسئول جدید
            <select
              aria-label="کارشناس مسئول جدید"
              class="mt-1 min-h-11 w-full rounded-lg border p-2"
            >
              <option
                value=""
              >
                انتخاب کارشناس
              </option>
            </select>
          </label>
          <div
            class="flex flex-wrap gap-2"
          >
            <button
              class="inline-flex items-center justify-center gap-2 whitespace-nowrap rounded-md font-medium ring-offset-background transition-all duration-200 focus-visible:outline-none focus-visible:ring-2 focus-visible:ring-ring focus-visible:ring-offset-2 disabled:pointer-events-none disabled:opacity-50 [&_svg]:pointer-events-none [&_svg]:size-4 [&_svg]:shrink-0 border border-input bg-background hover:bg-accent hover:text-accent-foreground shadow-sm hover:shadow-md h-10 px-4 py-2 text-sm"
              disabled=""
            >
              کارشناسان قبلی
            </button>
            <button
              class="inline-flex items-center justify-center gap-2 whitespace-nowrap rounded-md font-medium ring-offset-background transition-all duration-200 focus-visible:outline-none focus-visible:ring-2 focus-visible:ring-ring focus-visible:ring-offset-2 disabled:pointer-events-none disabled:opacity-50 [&_svg]:pointer-events-none [&_svg]:size-4 [&_svg]:shrink-0 border border-input bg-background hover:bg-accent hover:text-accent-foreground shadow-sm hover:shadow-md h-10 px-4 py-2 text-sm"
              disabled=""
            >
              کارشناسان بعدی
            </button>
          </div>
          <label
            class="block"
          >
            دلیل انتقال (الزامی)
            <textarea
              class="mt-1 min-h-24 w-full rounded-lg border p-3"
              maxlength="1000"
            >
              Explicit reason
            </textarea>
          </label>
          <button
            class="inline-flex items-center justify-center gap-2 whitespace-nowrap rounded-md font-medium ring-offset-background transition-all duration-200 focus-visible:outline-none focus-visible:ring-2 focus-visible:ring-ring focus-visible:ring-offset-2 disabled:pointer-events-none disabled:opacity-50 [&_svg]:pointer-events-none [&_svg]:size-4 [&_svg]:shrink-0 bg-primary text-primary-foreground hover:bg-primary-dark shadow-sm hover:shadow-md h-10 px-4 py-2 text-sm"
            disabled=""
          >
            بررسی انتقال مسئول
          </button>
        </div>
        <h3
          class="font-bold"
        >
          تاریخچه مسئولیت
        </h3>
        <p>
          انتقالی ثبت نشده است.
        </p>
        <ol
          class="space-y-3"
        />
        <div
          class="flex flex-wrap gap-2"
        >
          <button
            class="inline-flex items-center justify-center gap-2 whitespace-nowrap rounded-md font-medium ring-offset-background transition-all duration-200 focus-visible:outline-none focus-visible:ring-2 focus-visible:ring-ring focus-visible:ring-offset-2 disabled:pointer-events-none disabled:opacity-50 [&_svg]:pointer-events-none [&_svg]:size-4 [&_svg]:shrink-0 border border-input bg-background hover:bg-accent hover:text-accent-foreground shadow-sm hover:shadow-md h-10 px-4 py-2 text-sm"
            disabled=""
          >
            تاریخچه قبلی
          </button>
          <span
            class="p-2"
          >
            صفحه 
            1
          </span>
          <button
            class="inline-flex items-center justify-center gap-2 whitespace-nowrap rounded-md font-medium ring-offset-background transition-all duration-200 focus-visible:outline-none focus-visible:ring-2 focus-visible:ring-ring focus-visible:ring-offset-2 disabled:pointer-events-none disabled:opacity-50 [&_svg]:pointer-events-none [&_svg]:size-4 [&_svg]:shrink-0 border border-input bg-background hover:bg-accent hover:text-accent-foreground shadow-sm hover:shadow-md h-10 px-4 py-2 text-sm"
            disabled=""
          >
            تاریخچه بعدی
          </button>
        </div>
      </section>
    </div>
  </body>
</html>
 ❯ src/tests/components/ShipmentOwnerTransfer.test.tsx:15:88
     13|   fireEvent.change(screen.getByLabelText("کارشناس مسئول جدید"), {targe…
     14|   fireEvent.change(screen.getByLabelText("دلیل انتقال (الزامی)"), {tar…
     15|   await waitFor(() => expect(screen.getByRole("button", {name: "بررسی …
       |                                                                                        ^
     16|   fireEvent.click(screen.getByRole("button", {name: "بررسی انتقال مسئو…
     17| }
 ❯ runWithExpensiveErrorDiagnosticsDisabled ../../15-forwarder-golden-20260921/node_modules/@testing-library/dom/dist/config.js:47:12
 ❯ checkCallback ../../15-forwarder-golden-20260921/node_modules/@testing-library/dom/dist/wait-for.js:124:77
 ❯ Timeout.checkRealTimersCallback ../../15-forwarder-golden-20260921/node_modules/@testing-library/dom/dist/wait-for.js:118:16

⎯⎯⎯⎯⎯⎯⎯⎯⎯⎯⎯⎯⎯⎯⎯⎯⎯⎯⎯⎯⎯⎯⎯⎯[1/3]⎯

 FAIL  src/tests/pages/NewOperation.test.tsx > Slice 5 governed creation > defaults domestic routes to a facility and clears hidden location state when switching modes
TestingLibraryElementError: Unable to find role="option" and name "Canonical Co"

Ignored nodes: comments, script, style
<body>
  <div>
    <main
      class="min-h-screen overflow-x-hidden bg-slate-50 p-3 sm:p-5"
      dir="ltr"
    >
      <form
        class="mx-auto max-w-5xl space-y-5"
        novalidate=""
      >
        <div
          class="flex flex-wrap items-center justify-between gap-2"
        >
          <h1
            class="text-2xl font-bold"
          >
            New Operation
             ·
             
            Direct operation
          </h1>
          <button
            class="inline-flex items-center justify-center gap-2 whitespace-nowrap rounded-md font-medium ring-offset-background transition-all duration-200 focus-visible:outline-none focus-visible:ring-2 focus-visible:ring-ring focus-visible:ring-offset-2 disabled:pointer-events-none disabled:opacity-50 [&_svg]:pointer-events-none [&_svg]:size-4 [&_svg]:shrink-0 border border-input bg-background hover:bg-accent hover:text-accent-foreground shadow-sm hover:shadow-md h-10 px-4 py-2 text-sm"
            type="button"
          >
            Change source
          </button>
        </div>
        <div
          class="rounded-lg border bg-card text-card-foreground shadow-sm"
        >
          <div
            class="flex flex-col space-y-1.5 p-6"
          >
            <h3
              class="text-2xl font-semibold leading-none tracking-tight"
            >
              Canonical customer and optional project
            </h3>
          </div>
          <div
            class="p-6 pt-0 grid gap-4 md:grid-cols-2"
          >
            <div
              class="min-w-0 space-y-2"
            >
              <label
                class="text-sm font-medium leading-none peer-disabled:cursor-not-allowed peer-disabled:opacity-70"
                for="customer"
              >
                Customer
                <span
                  aria-hidden="true"
                  class="ms-1 text-red-700"
                >
                  *
                </span>
                <span
                  class="sr-only"
                >
                   (
                  required
                  )
                </span>
              </label>
              <div
                class="flex gap-2"
              >
                <input
                  aria-label="Customer Search"
                  class="flex h-10 w-full rounded-md border border-input bg-background px-3 py-2 text-base ring-offset-background file:border-0 file:bg-transparent file:text-sm file:font-medium file:text-foreground placeholder:text-muted-foreground focus-visible:outline-none focus-visible:ring-2 focus-visible:ring-ring focus-visible:ring-offset-2 disabled:cursor-not-allowed disabled:opacity-50 md:text-sm transition-colors"
                  value=""
                />
                <button
                  class="inline-flex items-center justify-center gap-2 whitespace-nowrap rounded-md font-medium ring-offset-background transition-all duration-200 focus-visible:outline-none focus-visible:ring-2 focus-visible:ring-ring focus-visible:ring-offset-2 disabled:pointer-events-none disabled:opacity-50 [&_svg]:pointer-events-none [&_svg]:size-4 [&_svg]:shrink-0 border border-input bg-background hover:bg-accent hover:text-accent-foreground shadow-sm hover:shadow-md h-10 px-4 py-2 text-sm"
                  type="button"
                >
                  Search
                </button>
              </div>
              <select
                aria-invalid="false"
                aria-label="Customer"
                aria-required="true"
                class="min-h-11 w-full rounded-md border bg-white px-3"
                id="customer"
                required=""
              >
                <option
                  value=""
                >
                  No results
                </option>
              </select>
            </div>
            <div
              class="min-w-0 space-y-2"
            >
              <label
                class="text-sm font-medium leading-none peer-disabled:cursor-not-allowed peer-disabled:opacity-70"
                for="project"
              >
                Project (optional)
              </label>
              <div
                class="flex gap-2"
              >
                <input
                  aria-label="Project (optional) Search"
                  class="flex h-10 w-full rounded-md border border-input bg-background px-3 py-2 text-base ring-offset-background file:border-0 file:bg-transparent file:text-sm file:font-medium file:text-foreground placeholder:text-muted-foreground focus-visible:outline-none focus-visible:ring-2 focus-visible:ring-ring focus-visible:ring-offset-2 disabled:cursor-not-allowed disabled:opacity-50 md:text-sm transition-colors"
                  value=""
                />
                <button
                  class="inline-flex items-center justify-center gap-2 whitespace-nowrap rounded-md font-medium ring-offset-background transition-all duration-200 focus-visible:outline-none focus-visible:ring-2 focus-visible:ring-ring focus-visible:ring-offset-2 disabled:pointer-events-none disabled:opacity-50 [&_svg]:pointer-events-none [&_svg]:size-4 [&_svg]:shrink-0 border border-input bg-background hover:bg-accent hover:text-accent-foreground shadow-sm hover:shadow-md h-10 px-4 py-2 text-sm"
                  type="button"
                >
                  Search
                </button>
              </div>
 ...

Ignored nodes: comments, script, style
<body>
  <div>
    <main
      class="min-h-screen overflow-x-hidden bg-slate-50 p-3 sm:p-5"
      dir="ltr"
    >
      <form
        class="mx-auto max-w-5xl space-y-5"
        novalidate=""
      >
        <div
          class="flex flex-wrap items-center justify-between gap-2"
        >
          <h1
            class="text-2xl font-bold"
          >
            New Operation
             ·
             
            Direct operation
          </h1>
          <button
            class="inline-flex items-center justify-center gap-2 whitespace-nowrap rounded-md font-medium ring-offset-background transition-all duration-200 focus-visible:outline-none focus-visible:ring-2 focus-visible:ring-ring focus-visible:ring-offset-2 disabled:pointer-events-none disabled:opacity-50 [&_svg]:pointer-events-none [&_svg]:size-4 [&_svg]:shrink-0 border border-input bg-background hover:bg-accent hover:text-accent-foreground shadow-sm hover:shadow-md h-10 px-4 py-2 text-sm"
            type="button"
          >
            Change source
          </button>
        </div>
        <div
          class="rounded-lg border bg-card text-card-foreground shadow-sm"
        >
          <div
            class="flex flex-col space-y-1.5 p-6"
          >
            <h3
              class="text-2xl font-semibold leading-none tracking-tight"
            >
              Canonical customer and optional project
            </h3>
          </div>
          <div
            class="p-6 pt-0 grid gap-4 md:grid-cols-2"
          >
            <div
              class="min-w-0 space-y-2"
            >
              <label
                class="text-sm font-medium leading-none peer-disabled:cursor-not-allowed peer-disabled:opacity-70"
                for="customer"
              >
                Customer
                <span
                  aria-hidden="true"
                  class="ms-1 text-red-700"
                >
                  *
                </span>
                <span
                  class="sr-only"
                >
                   (
                  required
                  )
                </span>
              </label>
              <div
                class="flex gap-2"
              >
                <input
                  aria-label="Customer Search"
                  class="flex h-10 w-full rounded-md border border-input bg-background px-3 py-2 text-base ring-offset-background file:border-0 file:bg-transparent file:text-sm file:font-medium file:text-foreground placeholder:text-muted-foreground focus-visible:outline-none focus-visible:ring-2 focus-visible:ring-ring focus-visible:ring-offset-2 disabled:cursor-not-allowed disabled:opacity-50 md:text-sm transition-colors"
                  value=""
                />
                <button
                  class="inline-flex items-center justify-center gap-2 whitespace-nowrap rounded-md font-medium ring-offset-background transition-all duration-200 focus-visible:outline-none focus-visible:ring-2 focus-visible:ring-ring focus-visible:ring-offset-2 disabled:pointer-events-none disabled:opacity-50 [&_svg]:pointer-events-none [&_svg]:size-4 [&_svg]:shrink-0 border border-input bg-background hover:bg-accent hover:text-accent-foreground shadow-sm hover:shadow-md h-10 px-4 py-2 text-sm"
                  type="button"
                >
                  Search
                </button>
              </div>
              <select
                aria-invalid="false"
                aria-label="Customer"
                aria-required="true"
                class="min-h-11 w-full rounded-md border bg-white px-3"
                id="customer"
                required=""
              >
                <option
                  value=""
                >
                  No results
                </option>
              </select>
            </div>
            <div
              class="min-w-0 space-y-2"
            >
              <label
                class="text-sm font-medium leading-none peer-disabled:cursor-not-allowed peer-disabled:opacity-70"
                for="project"
              >
                Project (optional)
              </label>
              <div
                class="flex gap-2"
              >
                <input
                  aria-label="Project (optional) Search"
                  class="flex h-10 w-full rounded-md border border-input bg-background px-3 py-2 text-base ring-offset-background file:border-0 file:bg-transparent file:text-sm file:font-medium file:text-foreground placeholder:text-muted-foreground focus-visible:outline-none focus-visible:ring-2 focus-visible:ring-ring focus-visible:ring-offset-2 disabled:cursor-not-allowed disabled:opacity-50 md:text-sm transition-colors"
                  value=""
                />
                <button
                  class="inline-flex items-center justify-center gap-2 whitespace-nowrap rounded-md font-medium ring-offset-background transition-all duration-200 focus-visible:outline-none focus-visible:ring-2 focus-visible:ring-ring focus-visible:ring-offset-2 disabled:pointer-events-none disabled:opacity-50 [&_svg]:pointer-events-none [&_svg]:size-4 [&_svg]:shrink-0 border border-input bg-background hover:bg-accent hover:text-accent-foreground shadow-sm hover:shadow-md h-10 px-4 py-2 text-sm"
                  type="button"
                >
                  Search
                </button>
              </div>
 ...
 ❯ waitForWrapper ../../15-forwarder-golden-20260921/node_modules/@testing-library/dom/dist/wait-for.js:163:27
 ❯ findByRole ../../15-forwarder-golden-20260921/node_modules/@testing-library/dom/dist/query-helpers.js:86:33
 ❯ src/tests/pages/NewOperation.test.tsx:253:20
    251|       });
    252|       renderPage("/operations/shipments/new?source=direct");
    253|       await screen.findByRole("option", { name: "Canonical Co" });
       |                    ^
    254|       if (kind === "international") {
    255|         await user.selectOptions(screen.getByLabelText("Origin route t…

⎯⎯⎯⎯⎯⎯⎯⎯⎯⎯⎯⎯⎯⎯⎯⎯⎯⎯⎯⎯⎯⎯⎯⎯[2/3]⎯

 FAIL  src/tests/pages/OperationalPages.test.tsx > Phase 1A operational pages > renders loading then list data and filters
TestingLibraryElementError: Unable to find an element with the text: کارشناس مسئول ثابت: Fixed Owner. This could be because the text is broken up by multiple elements. In this case, you can provide a function for your text matcher to make your matcher more flexible.

Ignored nodes: comments, script, style
<body>
  <div>
    <main
      class="min-h-screen overflow-x-hidden bg-slate-50 p-3 sm:p-5 md:p-8"
      dir="ltr"
    >
      <div
        class="mx-auto max-w-7xl space-y-5"
      >
        <header
          class="flex flex-wrap items-start justify-between gap-3"
        >
          <div>
            <h1
              class="text-2xl font-bold"
            >
              operations.shipmentsTitle
            </h1>
            <p>
              operations.shipmentsSubtitle
            </p>
          </div>
          <div
            class="flex flex-wrap gap-2"
          >
            <button
              aria-pressed="true"
              class="inline-flex items-center justify-center gap-2 whitespace-nowrap rounded-md font-medium ring-offset-background transition-all duration-200 focus-visible:outline-none focus-visible:ring-2 focus-visible:ring-ring focus-visible:ring-offset-2 disabled:pointer-events-none disabled:opacity-50 [&_svg]:pointer-events-none [&_svg]:size-4 [&_svg]:shrink-0 bg-primary text-primary-foreground hover:bg-primary-dark shadow-sm hover:shadow-md h-10 px-4 py-2 text-sm"
              type="button"
            >
              نمایش همه وضعیت‌ها
            </button>
          </div>
        </header>
        <div
          class="rounded-lg border bg-card text-card-foreground shadow-sm"
        >
          <div
            class="grid gap-3 p-4 sm:grid-cols-2 lg:grid-cols-4"
          >
            <div
              class="min-w-0"
            >
              <label
                class="text-sm font-medium leading-none peer-disabled:cursor-not-allowed peer-disabled:opacity-70"
                for="filter-status"
              >
                وضعیت محموله
              </label>
              <input
                aria-label="وضعیت محموله"
                class="flex h-10 w-full rounded-md border border-input bg-background px-3 py-2 text-base ring-offset-background file:border-0 file:bg-transparent file:text-sm file:font-medium file:text-foreground placeholder:text-muted-foreground focus-visible:outline-none focus-visible:ring-2 focus-visible:ring-ring focus-visible:ring-offset-2 disabled:cursor-not-allowed disabled:opacity-50 md:text-sm transition-colors"
                id="filter-status"
                value=""
              />
            </div>
            <div
              class="min-w-0"
            >
              <label
                class="text-sm font-medium leading-none peer-disabled:cursor-not-allowed peer-disabled:opacity-70"
                for="filter-customer"
              >
                مشتری
              </label>
              <input
                aria-label="مشتری"
                class="flex h-10 w-full rounded-md border border-input bg-background px-3 py-2 text-base ring-offset-background file:border-0 file:bg-transparent file:text-sm file:font-medium file:text-foreground placeholder:text-muted-foreground focus-visible:outline-none focus-visible:ring-2 focus-visible:ring-ring focus-visible:ring-offset-2 disabled:cursor-not-allowed disabled:opacity-50 md:text-sm transition-colors"
                id="filter-customer"
                value=""
              />
            </div>
            <div
              class="min-w-0"
            >
              <label
                class="text-sm font-medium leading-none peer-disabled:cursor-not-allowed peer-disabled:opacity-70"
                for="filter-origin"
              >
                مبدأ
              </label>
              <input
                aria-label="مبدأ"
                class="flex h-10 w-full rounded-md border border-input bg-background px-3 py-2 text-base ring-offset-background file:border-0 file:bg-transparent file:text-sm file:font-medium file:text-foreground placeholder:text-muted-foreground focus-visible:outline-none focus-visible:ring-2 focus-visible:ring-ring focus-visible:ring-offset-2 disabled:cursor-not-allowed disabled:opacity-50 md:text-sm transition-colors"
                id="filter-origin"
                value=""
              />
            </div>
            <div
              class="min-w-0"
            >
              <label
                class="text-sm font-medium leading-none peer-disabled:cursor-not-allowed peer-disabled:opacity-70"
                for="filter-destination"
              >
                مقصد
              </label>
              <input
                aria-label="مقصد"
                class="flex h-10 w-full rounded-md border border-input bg-background px-3 py-2 text-base ring-offset-background file:border-0 file:bg-transparent file:text-sm file:font-medium file:text-foreground placeholder:text-muted-foreground focus-visible:outline-none focus-visible:ring-2 focus-visible:ring-ring focus-visible:ring-offset-2 disabled:cursor-not-allowed disabled:opacity-50 md:text-sm transition-colors"
                id="filter-destination"
                value=""
              />
            </div>
            <div
              class="min-w-0"
            >
              <label
                class="text-sm font-medium leading-none peer-disabled:cursor-not-allowed peer-disabled:opacity-70"
                for="filter-overdue"
              >
                فقط موارد دارای تأخیر
              </label>
              <input
                aria-label="فقط موارد دارای تأخیر"
                class="flex h-10 w-full rounded-md border border-input bg-background px-3 py-2 ...
 ❯ Object.getElementError ../../15-forwarder-golden-20260921/node_modules/@testing-library/dom/dist/config.js:37:19
 ❯ ../../15-forwarder-golden-20260921/node_modules/@testing-library/dom/dist/query-helpers.js:76:38
 ❯ ../../15-forwarder-golden-20260921/node_modules/@testing-library/dom/dist/query-helpers.js:52:17
 ❯ getByText ../../15-forwarder-golden-20260921/node_modules/@testing-library/dom/dist/query-helpers.js:95:19
 ❯ src/tests/pages/OperationalPages.test.tsx:148:19
    146|     expect(screen.queryByText(/Quote #2|Request #3|#1/)).not.toBeInThe…
    147|     expect(screen.getByLabelText("وضعیت محموله")).toBeInTheDocument();
    148|     expect(screen.getByText("کارشناس مسئول ثابت: Fixed Owner")).toBeIn…
       |                   ^
    149|     expect(screen.getByText(/آخرین به‌روزرسانی: Departure reported/)).…
    150|     expect(api.listOperationalShipments).toHaveBeenCalledWith(expect.s…

⎯⎯⎯⎯⎯⎯⎯⎯⎯⎯⎯⎯⎯⎯⎯⎯⎯⎯⎯⎯⎯⎯⎯⎯[3/3]⎯


 Test Files  3 failed | 89 passed (92)
      Tests  3 failed | 438 passed (441)
   Start at  18:31:57
   Duration  341.68s (transform 8.48s, setup 23.35s, import 27.22s, tests 132.69s, environment 129.94s)

