============================= test session starts =============================
platform win32 -- Python 3.13.9, pytest-9.1.1, pluggy-1.6.0
rootdir: D:\1-webapp\forwarder-dev\phase3-p3-13-owner-transfer
configfile: pytest.ini
plugins: anyio-4.14.1, flask-1.3.0
collected 732 items

backend\tests\test_admin_multitenant_adversarial.py ...........          [  1%]
backend\tests\test_adr043_pre_cutover_integrity_contract.py ..           [  1%]
backend\tests\test_ai_provider_service.py .......................        [  4%]
backend\tests\test_analytics_authorization_p0.py ....                    [  5%]
backend\tests\test_api.py ...............                                [  7%]
backend\tests\test_assigned_work_authorization.py .....                  [  8%]
backend\tests\test_auth_sessions.py .....                                [  8%]
backend\tests\test_browser_migration_contract.py ......                  [  9%]
backend\tests\test_cargo_options_authorization.py ..                     [  9%]
backend\tests\test_cargo_transport_allocation.py .....                   [ 10%]
backend\tests\test_case_documents_fault_injection.py ...............     [ 12%]
backend\tests\test_case_documents_postgresql.py sssss                    [ 13%]
backend\tests\test_control_tower_api.py ..................               [ 15%]
backend\tests\test_control_tower_scalability_postgresql.py s             [ 15%]
backend\tests\test_control_tower_sources.py ............................ [ 19%]
..........................                                               [ 23%]
backend\tests\test_country_port_customs_domain.py .....                  [ 24%]
backend\tests\test_crm_customer_create_from_request_preview.py ......... [ 25%]
                                                                         [ 25%]
backend\tests\test_crm_read_contract.py .                                [ 25%]
backend\tests\test_customer_entitlement.py ..........                    [ 26%]
backend\tests\test_customer_gamification_contract.py .........           [ 28%]
backend\tests\test_customer_portal_account_lifecycle_migration.py ...    [ 28%]
backend\tests\test_customer_recovery_email_service.py ....               [ 28%]
backend\tests\test_dashboard_canonical_manifest.py ..                    [ 29%]
backend\tests\test_dashboard_persistence_contract.py ....                [ 29%]
backend\tests\test_dms_current_head_compatibility_postgresql.py s        [ 29%]
backend\tests\test_document_catalog_package.py ...................       [ 32%]
backend\tests\test_exception_reconciliation_races_postgresql.py ss       [ 32%]
backend\tests\test_execution_units.py .........                          [ 34%]
backend\tests\test_expert_membership_permissions.py ....                 [ 34%]
backend\tests\test_expert_sla_migration.py .                             [ 34%]
backend\tests\test_external_reference_type_certification_harness.py .    [ 34%]
backend\tests\test_external_reference_type_package.py ....               [ 35%]
backend\tests\test_fixed_shipment_owner_migration.py ..                  [ 35%]
backend\tests\test_g0_proposal_service.py ..................             [ 38%]
backend\tests\test_global_logistics_point_adoptions.py ...               [ 38%]
backend\tests\test_global_logistics_point_catalog_importer.py .......... [ 39%]
....                                                                     [ 40%]
backend\tests\test_global_logistics_point_materialization.py ........    [ 41%]
backend\tests\test_global_logistics_points.py .........                  [ 42%]
backend\tests\test_governed_international_geography.py .......           [ 43%]
backend\tests\test_integrated_certification_bootstrap.py .               [ 43%]
backend\tests\test_iran_current_route_read.py .............              [ 45%]
backend\tests\test_legacy_datetime.py .....                              [ 46%]
backend\tests\test_location_admin.py ......                              [ 47%]
backend\tests\test_manage_create_admin.py ...........                    [ 48%]
backend\tests\test_master_data_migration.py .                            [ 48%]
backend\tests\test_mdpm_readiness.py .......                             [ 49%]
backend\tests\test_mt1_ownership_contract.py ........                    [ 50%]
backend\tests\test_mt1_ownership_slice2.py ...                           [ 51%]
backend\tests\test_mt1c1_census_postgresql.py s                          [ 51%]
backend\tests\test_mt1c_quarantine_postgresql.py s                       [ 51%]
backend\tests\test_mt1d_census_postgresql.py ss                          [ 51%]
backend\tests\test_multi_unit_tracking_api.py .........                  [ 53%]
backend\tests\test_multi_unit_tracking_service.py .......                [ 53%]
backend\tests\test_multileg_route_orchestration_postgresql.py s          [ 54%]
backend\tests\test_notification_foundation_migration_postgresql.py s     [ 54%]
backend\tests\test_notification_lifecycle_migration_postgresql.py s      [ 54%]
backend\tests\test_oip.py ...............                                [ 56%]
backend\tests\test_oip_races_postgresql.py ssssssssssssss                [ 58%]
backend\tests\test_operational_execution_190.py .........                [ 59%]
backend\tests\test_operational_selectors.py .....                        [ 60%]
backend\tests\test_operational_vertical_slice_postgresql.py s            [ 60%]
backend\tests\test_operational_workspace_phase2.py .......               [ 61%]
backend\tests\test_organization_document_policy.py .....                 [ 62%]
backend\tests\test_package_secret_policy.py .............                [ 63%]
backend\tests\test_personal_analytics_uat.py ..                          [ 64%]
backend\tests\test_phase0_2_postgresql_gate.py sss                       [ 64%]
backend\tests\test_phase1b_safe_downgrade_postgresql.py ss               [ 64%]
backend\tests\test_phase3_branched_route.py ....                         [ 65%]
backend\tests\test_phase3_branched_route_postgresql.py s                 [ 65%]
backend\tests\test_phase3_cargo_allocation_migration.py .                [ 65%]
backend\tests\test_phase3_cargo_delivery.py ......................       [ 68%]
backend\tests\test_phase3_cargo_lineage.py ...                           [ 68%]
backend\tests\test_phase3_cargo_lineage_postgresql.py s                  [ 69%]
backend\tests\test_phase3_closure_postgresql.py s                        [ 69%]
backend\tests\test_phase3_customer_shipment_postgresql.py s              [ 69%]
backend\tests\test_phase3_document_context_postgresql.py s               [ 69%]
backend\tests\test_phase3_owner_transfer_postgresql.py s                 [ 69%]
backend\tests\test_phase3_reference_catalog_postgresql.py s              [ 69%]
backend\tests\test_phase3_reported_facts_postgresql.py s                 [ 69%]
backend\tests\test_phase3_route_time_postgresql.py s                     [ 70%]
backend\tests\test_phase3_transport_execution_migration.py ..            [ 70%]
backend\tests\test_phase_b1_governed_geography.py ...                    [ 70%]
backend\tests\test_phase_b5_eur_quote_support.py ......                  [ 71%]
backend\tests\test_project_access_foundation.py ....                     [ 72%]
backend\tests\test_project_configuration.py ........                     [ 73%]
backend\tests\test_project_shipment_propagation.py ..                    [ 73%]
backend\tests\test_public_tracking_security_postgresql.py s              [ 73%]
backend\tests\test_quote_communication_migration.py ..                   [ 73%]
backend\tests\test_reference_backfill_tooling.py ....................... [ 77%]
.                                                                        [ 77%]
backend\tests\test_reference_data_seed_migration.py .                    [ 77%]
backend\tests\test_reference_schema_postgresql.py s                      [ 77%]
backend\tests\test_referral_engine.py .                                  [ 77%]
backend\tests\test_release_identity.py ..                                [ 77%]
backend\tests\test_release_publication_contract.py ......                [ 78%]
backend\tests\test_request_cargo.py ...................                  [ 81%]
backend\tests\test_request_cargo_postgresql.py s                         [ 81%]
backend\tests\test_runtime_binding.py ..............                     [ 83%]
backend\tests\test_runtime_migration_safety.py ......................    [ 86%]
backend\tests\test_saved_view_contract.py ......                         [ 87%]
backend\tests\test_saved_view_rowset_alignment.py ..                     [ 87%]
backend\tests\test_security_credential_remediation_migration.py ....     [ 87%]
backend\tests\test_shared_transport_allocate_helper_contract.py .....    [ 88%]
backend\tests\test_shipment_context_service.py ........                  [ 89%]
backend\tests\test_shipment_economics.py ........                        [ 90%]
backend\tests\test_shipment_operational_population.py ..............     [ 92%]
backend\tests\test_shipment_request_public_identity.py ....              [ 93%]
backend\tests\test_sla_service.py ......................                 [ 96%]
backend\tests\test_timestamp_contracts_phase1.py .....                   [ 96%]
backend\tests\test_tracking_locations.py .......                         [ 97%]
backend\tests\test_tracking_projection.py .....                          [ 98%]
backend\tests\test_v191_location_resolver.py .....                       [ 99%]
backend\tests\test_v191_persistence_postgresql.py s                      [ 99%]
backend\tests\test_worktree_fingerprint.py ....                          [100%]

- generated xml file: D:\1-webapp\forwarder-dev\p313-qualification-212d01f-20260926\backend-full\group-1\junit.xml -
========= 683 passed, 49 skipped, 9560 warnings in 592.01s (0:09:52) ==========
